Component: ARM Compiler 5.06 update 7 (build 960) Tool: armlink [4d3601]

==============================================================================

Section Cross References

    cw32f030_adc.o(i.ADC_DisableIrq) refers to cw32f030_adc.o(i.ADC_DisableNvic) for ADC_DisableNvic
    cw32f030_adc.o(i.ADC_DisableNvic) refers to cw32f030_adc.o(i.__NVIC_ClearPendingIRQ) for __NVIC_ClearPendingIRQ
    cw32f030_adc.o(i.ADC_DisableNvic) refers to cw32f030_adc.o(i.__NVIC_SetPriority) for __NVIC_SetPriority
    cw32f030_adc.o(i.ADC_Enable) refers to cw32f030_adc.o(i.ADC_GetITStatus) for ADC_GetITStatus
    cw32f030_adc.o(i.ADC_EnableIrq) refers to cw32f030_adc.o(i.ADC_EnableNvic) for ADC_EnableNvic
    cw32f030_adc.o(i.ADC_EnableNvic) refers to cw32f030_adc.o(i.__NVIC_ClearPendingIRQ) for __NVIC_ClearPendingIRQ
    cw32f030_adc.o(i.ADC_EnableNvic) refers to cw32f030_adc.o(i.__NVIC_SetPriority) for __NVIC_SetPriority
    cw32f030_adc.o(i.ADC_GetTsVref1V5) refers to cw32f030_adc.o(i.ADC_GetConversionValue) for ADC_GetConversionValue
    cw32f030_adc.o(i.ADC_GetTsVref1V5) refers to fflti.o(.text) for __aeabi_ui2f
    cw32f030_adc.o(i.ADC_GetTsVref1V5) refers to fmul.o(x$fpl$fmul) for __aeabi_fmul
    cw32f030_adc.o(i.ADC_GetTsVref1V5) refers to faddsub.o(x$fpl$fadd) for __aeabi_fadd
    cw32f030_adc.o(i.ADC_GetTsVref2V5) refers to cw32f030_adc.o(i.ADC_GetConversionValue) for ADC_GetConversionValue
    cw32f030_adc.o(i.ADC_GetTsVref2V5) refers to fflti.o(.text) for __aeabi_i2f
    cw32f030_adc.o(i.ADC_GetTsVref2V5) refers to fmul.o(x$fpl$fmul) for __aeabi_fmul
    cw32f030_adc.o(i.ADC_GetTsVref2V5) refers to faddsub.o(x$fpl$fadd) for __aeabi_fadd
    cw32f030_adc.o(i.ADC_SerialChBreakModeCfg) refers to cw32f030_adc.o(i.ADC_SerialChCommon) for ADC_SerialChCommon
    cw32f030_adc.o(i.ADC_SerialChCommon) refers to cw32f030_adc.o(i.ADC_Init) for ADC_Init
    cw32f030_adc.o(i.ADC_SerialChCommon) refers to cw32f030_adc.o(i.ADC_Sqr0ChannelCfg) for ADC_Sqr0ChannelCfg
    cw32f030_adc.o(i.ADC_SerialChCommon) refers to cw32f030_adc.o(i.ADC_Sqr01ChannelCfg) for ADC_Sqr01ChannelCfg
    cw32f030_adc.o(i.ADC_SerialChCommon) refers to cw32f030_adc.o(i.ADC_Sqr02ChannelCfg) for ADC_Sqr02ChannelCfg
    cw32f030_adc.o(i.ADC_SerialChCommon) refers to cw32f030_adc.o(i.ADC_Sqr03ChannelCfg) for ADC_Sqr03ChannelCfg
    cw32f030_adc.o(i.ADC_SerialChContinuousModeCfg) refers to cw32f030_adc.o(i.ADC_SerialChCommon) for ADC_SerialChCommon
    cw32f030_adc.o(i.ADC_SerialChMoreModeCfg) refers to cw32f030_adc.o(i.ADC_SerialChCommon) for ADC_SerialChCommon
    cw32f030_adc.o(i.ADC_SerialChScanModeCfg) refers to cw32f030_adc.o(i.ADC_SerialChCommon) for ADC_SerialChCommon
    cw32f030_adc.o(i.ADC_SingleChCommon) refers to cw32f030_adc.o(i.ADC_Init) for ADC_Init
    cw32f030_adc.o(i.ADC_SingleChCommon) refers to cw32f030_adc.o(i.ADC_BufEnSingleCh) for ADC_BufEnSingleCh
    cw32f030_adc.o(i.ADC_SingleChCommon) refers to cw32f030_adc.o(i.ADC_WdtConfig) for ADC_WdtConfig
    cw32f030_adc.o(i.ADC_SingleChContinuousModeCfg) refers to cw32f030_adc.o(i.ADC_SingleChCommon) for ADC_SingleChCommon
    cw32f030_adc.o(i.ADC_SingleChMoreModeCfg) refers to cw32f030_adc.o(i.ADC_SingleChCommon) for ADC_SingleChCommon
    cw32f030_adc.o(i.ADC_SingleChOneModeCfg) refers to cw32f030_adc.o(i.ADC_SingleChCommon) for ADC_SingleChCommon
    cw32f030_adc.o(i.ADC_Sqr01ChannelCfg) refers to cw32f030_adc.o(i.ADC_BufEnSerialCh) for ADC_BufEnSerialCh
    cw32f030_adc.o(i.ADC_Sqr02ChannelCfg) refers to cw32f030_adc.o(i.ADC_BufEnSerialCh) for ADC_BufEnSerialCh
    cw32f030_adc.o(i.ADC_Sqr03ChannelCfg) refers to cw32f030_adc.o(i.ADC_BufEnSerialCh) for ADC_BufEnSerialCh
    cw32f030_adc.o(i.ADC_Sqr0ChannelCfg) refers to cw32f030_adc.o(i.ADC_BufEnSerialCh) for ADC_BufEnSerialCh
    cw32f030_flash.o(i.FLASH_SetReadOutLevel) refers to cw32f030_flash.o(i.FLASH_GetReadOutLevel) for FLASH_GetReadOutLevel
    cw32f030_i2c.o(i.I2C_MasterReadEepomData) refers to cw32f030_i2c.o(i.I2C_GenerateSTART) for I2C_GenerateSTART
    cw32f030_i2c.o(i.I2C_MasterReadEepomData) refers to cw32f030_i2c.o(i.I2C_GetIrq) for I2C_GetIrq
    cw32f030_i2c.o(i.I2C_MasterReadEepomData) refers to cw32f030_i2c.o(i.I2C_GetState) for I2C_GetState
    cw32f030_i2c.o(i.I2C_MasterReadEepomData) refers to cw32f030_i2c.o(i.__ARM_common_switch8) for __ARM_common_switch8
    cw32f030_i2c.o(i.I2C_MasterReadEepomData) refers to cw32f030_i2c.o(i.I2C_Send7bitAddress) for I2C_Send7bitAddress
    cw32f030_i2c.o(i.I2C_MasterReadEepomData) refers to cw32f030_i2c.o(i.I2C_SendData) for I2C_SendData
    cw32f030_i2c.o(i.I2C_MasterReadEepomData) refers to cw32f030_i2c.o(i.I2C_AcknowledgeConfig) for I2C_AcknowledgeConfig
    cw32f030_i2c.o(i.I2C_MasterReadEepomData) refers to cw32f030_i2c.o(i.I2C_ReceiveData) for I2C_ReceiveData
    cw32f030_i2c.o(i.I2C_MasterReadEepomData) refers to cw32f030_i2c.o(i.I2C_GenerateSTOP) for I2C_GenerateSTOP
    cw32f030_i2c.o(i.I2C_MasterReadEepomData) refers to cw32f030_i2c.o(i.I2C_ClearIrq) for I2C_ClearIrq
[...]
    defsig_cppl_inner.o(.text) refers to defsig_general.o(.text) for __default_signal_display
    defsig_segv_inner.o(.text) refers to defsig_general.o(.text) for __default_signal_display
    defsig_other.o(.text) refers to defsig_general.o(.text) for __default_signal_display


==============================================================================

Removing Unused input sections from the image.

    Removing cw32f030_adc.o(.rev16_text), (4 bytes).
    Removing cw32f030_adc.o(.revsh_text), (4 bytes).
    Removing cw32f030_adc.o(i.ADC_AutoStop), (20 bytes).
    Removing cw32f030_adc.o(i.ADC_BufEnSerialCh), (68 bytes).
    Removing cw32f030_adc.o(i.ADC_BufEnSingleCh), (68 bytes).
    Removing cw32f030_adc.o(i.ADC_ClearITPendingAll), (20 bytes).
    Removing cw32f030_adc.o(i.ADC_ClearITPendingBit), (16 bytes).
    Removing cw32f030_adc.o(i.ADC_ClrAccResult), (20 bytes).
    Removing cw32f030_adc.o(i.ADC_DMACmd), (36 bytes).
    Removing cw32f030_adc.o(i.ADC_DMADisable), (20 bytes).
    Removing cw32f030_adc.o(i.ADC_DMAEnable), (20 bytes).
    Removing cw32f030_adc.o(i.ADC_DeInit), (32 bytes).
    Removing cw32f030_adc.o(i.ADC_Disable), (20 bytes).
    Removing cw32f030_adc.o(i.ADC_DisableIrq), (24 bytes).
    Removing cw32f030_adc.o(i.ADC_DisableNvic), (52 bytes).
    Removing cw32f030_adc.o(i.ADC_Enable), (32 bytes).
    Removing cw32f030_adc.o(i.ADC_EnableIrq), (12 bytes).
    Removing cw32f030_adc.o(i.ADC_EnableNvic), (56 bytes).
    Removing cw32f030_adc.o(i.ADC_ExtTrigCfg), (40 bytes).
    Removing cw32f030_adc.o(i.ADC_GetAccResult), (20 bytes).
    Removing cw32f030_adc.o(i.ADC_GetConversionValue), (12 bytes).
    Removing cw32f030_adc.o(i.ADC_GetITStatus), (24 bytes).
    Removing cw32f030_adc.o(i.ADC_GetITStatusAll), (12 bytes).
    Removing cw32f030_adc.o(i.ADC_GetSqr0Result), (20 bytes).
    Removing cw32f030_adc.o(i.ADC_GetSqr1Result), (20 bytes).
    Removing cw32f030_adc.o(i.ADC_GetSqr2Result), (20 bytes).
    Removing cw32f030_adc.o(i.ADC_GetSqr3Result), (20 bytes).
    Removing cw32f030_adc.o(i.ADC_GetTsVref1V5), (68 bytes).
    Removing cw32f030_adc.o(i.ADC_GetTsVref2V5), (72 bytes).
    Removing cw32f030_adc.o(i.ADC_ITConfig), (40 bytes).
    Removing cw32f030_adc.o(i.ADC_Init), (96 bytes).
    Removing cw32f030_adc.o(i.ADC_SerialChBreakModeCfg), (32 bytes).
    Removing cw32f030_adc.o(i.ADC_SerialChCommon), (82 bytes).
    Removing cw32f030_adc.o(i.ADC_SerialChContinuousModeCfg), (32 bytes).
    Removing cw32f030_adc.o(i.ADC_SerialChMoreModeCfg), (56 bytes).
    Removing cw32f030_adc.o(i.ADC_SerialChScanModeCfg), (32 bytes).
    Removing cw32f030_adc.o(i.ADC_SetAlign), (20 bytes).
    Removing cw32f030_adc.o(i.ADC_SetDiscard), (20 bytes).
    Removing cw32f030_adc.o(i.ADC_SetTs), (20 bytes).
    Removing cw32f030_adc.o(i.ADC_SetVref), (20 bytes).
    Removing cw32f030_adc.o(i.ADC_SingleChCommon), (64 bytes).
    Removing cw32f030_adc.o(i.ADC_SingleChContinuousModeCfg), (32 bytes).
    Removing cw32f030_adc.o(i.ADC_SingleChMoreModeCfg), (56 bytes).
    Removing cw32f030_adc.o(i.ADC_SingleChOneModeCfg), (28 bytes).
    Removing cw32f030_adc.o(i.ADC_SoftwareStartConvCmd), (36 bytes).
    Removing cw32f030_adc.o(i.ADC_Sqr01ChannelCfg), (52 bytes).
    Removing cw32f030_adc.o(i.ADC_Sqr02ChannelCfg), (64 bytes).
    Removing cw32f030_adc.o(i.ADC_Sqr03ChannelCfg), (72 bytes).
    Removing cw32f030_adc.o(i.ADC_Sqr0ChannelCfg), (40 bytes).
    Removing cw32f030_adc.o(i.ADC_StructInit), (26 bytes).
    Removing cw32f030_adc.o(i.ADC_WdtConfig), (84 bytes).
    Removing cw32f030_adc.o(i.ADC_WdtInit), (28 bytes).
    Removing cw32f030_adc.o(i.__NVIC_ClearPendingIRQ), (24 bytes).
    Removing cw32f030_adc.o(i.__NVIC_SetPriority), (120 bytes).
    Removing cw32f030_atim.o(.rev16_text), (4 bytes).
    Removing cw32f030_atim.o(.revsh_text), (4 bytes).
    Removing cw32f030_atim.o(i.ATIM_ADCTriggerConfig), (36 bytes).
    Removing cw32f030_atim.o(i.ATIM_BrakeConfig), (28 bytes).
    Removing cw32f030_atim.o(i.ATIM_CH1Config), (32 bytes).
    Removing cw32f030_atim.o(i.ATIM_CH2Config), (32 bytes).
    Removing cw32f030_atim.o(i.ATIM_CH3Config), (32 bytes).
    Removing cw32f030_atim.o(i.ATIM_CH4Config), (32 bytes).
    Removing cw32f030_atim.o(i.ATIM_ClearITPendingBit), (12 bytes).
    Removing cw32f030_atim.o(i.ATIM_Cmd), (24 bytes).
    Removing cw32f030_atim.o(i.ATIM_CtrlPWMOutputs), (32 bytes).
    Removing cw32f030_atim.o(i.ATIM_DeInit), (32 bytes).
    Removing cw32f030_atim.o(i.ATIM_ETRConfig), (24 bytes).
    Removing cw32f030_atim.o(i.ATIM_GetCapture1A), (12 bytes).
    Removing cw32f030_atim.o(i.ATIM_GetCapture1B), (12 bytes).
    Removing cw32f030_atim.o(i.ATIM_GetCapture2A), (12 bytes).
    Removing cw32f030_atim.o(i.ATIM_GetCapture2B), (12 bytes).
    Removing cw32f030_atim.o(i.ATIM_GetCapture3A), (12 bytes).
    Removing cw32f030_atim.o(i.ATIM_GetCapture3B), (12 bytes).
    Removing cw32f030_atim.o(i.ATIM_GetITStatus), (24 bytes).
    Removing cw32f030_atim.o(i.ATIM_IC1AInit), (48 bytes).
    Removing cw32f030_atim.o(i.ATIM_IC1BInit), (52 bytes).
    Removing cw32f030_atim.o(i.ATIM_IC2AInit), (52 bytes).
    Removing cw32f030_atim.o(i.ATIM_IC2BInit), (56 bytes).
    Removing cw32f030_atim.o(i.ATIM_IC3AInit), (52 bytes).
    Removing cw32f030_atim.o(i.ATIM_IC3BInit), (56 bytes).
    Removing cw32f030_atim.o(i.ATIM_ITConfig), (32 bytes).
    Removing cw32f030_atim.o(i.ATIM_Init), (104 bytes).
    Removing cw32f030_atim.o(i.ATIM_MasterModeConfig), (24 bytes).
    Removing cw32f030_atim.o(i.ATIM_OC1AInit), (116 bytes).
    Removing cw32f030_atim.o(i.ATIM_OC1BInit), (96 bytes).
    Removing cw32f030_atim.o(i.ATIM_OC2AInit), (120 bytes).
    Removing cw32f030_atim.o(i.ATIM_OC2BInit), (100 bytes).
    Removing cw32f030_atim.o(i.ATIM_OC3AInit), (120 bytes).
    Removing cw32f030_atim.o(i.ATIM_OC3BInit), (100 bytes).
    Removing cw32f030_atim.o(i.ATIM_OC4Init), (64 bytes).
    Removing cw32f030_atim.o(i.ATIM_PWMOutputConfig), (76 bytes).
    Removing cw32f030_atim.o(i.ATIM_SetCompare1A), (12 bytes).
    Removing cw32f030_atim.o(i.ATIM_SetCompare1B), (12 bytes).
    Removing cw32f030_atim.o(i.ATIM_SetCompare2A), (12 bytes).
    Removing cw32f030_atim.o(i.ATIM_SetCompare2B), (12 bytes).
    Removing cw32f030_atim.o(i.ATIM_SetCompare3A), (12 bytes).
    Removing cw32f030_atim.o(i.ATIM_SetCompare3B), (12 bytes).
    Removing cw32f030_atim.o(i.ATIM_SetCompare4), (12 bytes).
    Removing cw32f030_atim.o(i.ATIM_SetReloadValue), (12 bytes).
    Removing cw32f030_atim.o(i.ATIM_SlaverModeConfig), (32 bytes).
    Removing cw32f030_atim.o(i.ATIM_TriggerSelect), (28 bytes).
    Removing cw32f030_atim.o(i.ATIM_UpdateEventSelect), (32 bytes).
    Removing cw32f030_awt.o(.rev16_text), (4 bytes).
    Removing cw32f030_awt.o(.revsh_text), (4 bytes).
    Removing cw32f030_awt.o(i.AWT_ClearITPendingBit), (16 bytes).
    Removing cw32f030_awt.o(i.AWT_ClkSourceConfig), (24 bytes).
    Removing cw32f030_awt.o(i.AWT_Cmd), (36 bytes).
    Removing cw32f030_awt.o(i.AWT_DeInit), (28 bytes).
    Removing cw32f030_awt.o(i.AWT_GetAutoreload), (12 bytes).
    Removing cw32f030_awt.o(i.AWT_GetClkSource), (16 bytes).
    Removing cw32f030_awt.o(i.AWT_GetCounter), (12 bytes).
    Removing cw32f030_awt.o(i.AWT_GetITStatus), (24 bytes).
    Removing cw32f030_awt.o(i.AWT_GetPrescaler), (16 bytes).
    Removing cw32f030_awt.o(i.AWT_ITConfig), (32 bytes).
    Removing cw32f030_awt.o(i.AWT_PrescalerConfig), (20 bytes).
    Removing cw32f030_awt.o(i.AWT_TimeCntInit), (40 bytes).
    Removing cw32f030_awt.o(i.AWT_TimeCntStructInit), (24 bytes).
    Removing cw32f030_btim.o(.rev16_text), (4 bytes).
    Removing cw32f030_btim.o(.revsh_text), (4 bytes).
    Removing cw32f030_btim.o(i.BTIM_ClearITPendingBit), (8 bytes).
    Removing cw32f030_btim.o(i.BTIM_Cmd), (24 bytes).
    Removing cw32f030_btim.o(i.BTIM_DMACmd), (20 bytes).
    Removing cw32f030_btim.o(i.BTIM_DeInit), (28 bytes).
    Removing cw32f030_btim.o(i.BTIM_ETRConfig), (24 bytes).
    Removing cw32f030_btim.o(i.BTIM_GetAutoreload), (8 bytes).
    Removing cw32f030_btim.o(i.BTIM_GetCounter), (8 bytes).
    Removing cw32f030_btim.o(i.BTIM_GetITStatus), (18 bytes).
    Removing cw32f030_btim.o(i.BTIM_GetPrescaler), (10 bytes).
    Removing cw32f030_btim.o(i.BTIM_ITConfig), (20 bytes).
    Removing cw32f030_btim.o(i.BTIM_ModeConfig), (12 bytes).
    Removing cw32f030_btim.o(i.BTIM_OutputToggleCmd), (24 bytes).
    Removing cw32f030_btim.o(i.BTIM_PrescalerConfig), (34 bytes).
    Removing cw32f030_btim.o(i.BTIM_SelectETRInputPolarity), (12 bytes).
    Removing cw32f030_btim.o(i.BTIM_SelectInputTrigger), (12 bytes).
    Removing cw32f030_btim.o(i.BTIM_SelectOnePulseMode), (12 bytes).
    Removing cw32f030_btim.o(i.BTIM_SetAutoreload), (4 bytes).
    Removing cw32f030_btim.o(i.BTIM_SetCounter), (4 bytes).
    Removing cw32f030_btim.o(i.BTIM_TimeBaseInit), (32 bytes).
    Removing cw32f030_btim.o(i.BTIM_TimeBaseStructInit), (12 bytes).
    Removing cw32f030_crc.o(.rev16_text), (4 bytes).
    Removing cw32f030_crc.o(.revsh_text), (4 bytes).
    Removing cw32f030_crc.o(i.CRC16_Calc_16bit), (36 bytes).
    Removing cw32f030_crc.o(i.CRC16_Calc_32bit), (36 bytes).
    Removing cw32f030_crc.o(i.CRC16_Calc_8bit), (36 bytes).
    Removing cw32f030_crc.o(i.CRC32_Calc_16bit), (36 bytes).
    Removing cw32f030_crc.o(i.CRC32_Calc_32bit), (36 bytes).
    Removing cw32f030_crc.o(i.CRC32_Calc_8bit), (36 bytes).
    Removing cw32f030_debug.o(.rev16_text), (4 bytes).
    Removing cw32f030_debug.o(.revsh_text), (4 bytes).
    Removing cw32f030_debug.o(i.DBGMCU_Config), (32 bytes).
    Removing cw32f030_digitalsign.o(.rev16_text), (4 bytes).
    Removing cw32f030_digitalsign.o(.revsh_text), (4 bytes).
    Removing cw32f030_digitalsign.o(i.DIGITALSIGN_GetChipType), (26 bytes).
    Removing cw32f030_digitalsign.o(i.DIGITALSIGN_GetChipUid), (28 bytes).
    Removing cw32f030_digitalsign.o(i.DIGITALSIGN_GetFlashSize), (8 bytes).
    Removing cw32f030_digitalsign.o(i.DIGITALSIGN_GetPinCount), (12 bytes).
    Removing cw32f030_digitalsign.o(i.DIGITALSIGN_GetRamSize), (8 bytes).
    Removing cw32f030_dma.o(.rev16_text), (4 bytes).
    Removing cw32f030_dma.o(.revsh_text), (4 bytes).
    Removing cw32f030_dma.o(i.DMA_ClearITPendingBit), (16 bytes).
    Removing cw32f030_dma.o(i.DMA_Cmd), (24 bytes).
    Removing cw32f030_dma.o(i.DMA_DeInit), (28 bytes).
    Removing cw32f030_dma.o(i.DMA_GetFlagStatus), (10 bytes).
    Removing cw32f030_dma.o(i.DMA_GetITStatus), (24 bytes).
    Removing cw32f030_dma.o(i.DMA_ITConfig), (20 bytes).
    Removing cw32f030_dma.o(i.DMA_Init), (60 bytes).
    Removing cw32f030_dma.o(i.DMA_SWTrigCmd), (10 bytes).
    Removing cw32f030_dma.o(i.DMA_StructInit), (24 bytes).
    Removing cw32f030_flash.o(.rev16_text), (4 bytes).
    Removing cw32f030_flash.o(.revsh_text), (4 bytes).
    Removing cw32f030_flash.o(i.FLASH_CacheCmd), (20 bytes).
    Removing cw32f030_flash.o(i.FLASH_ClearITPendingBit), (16 bytes).
    Removing cw32f030_flash.o(i.FLASH_ErasePage), (120 bytes).
    Removing cw32f030_flash.o(i.FLASH_ErasePages), (140 bytes).
    Removing cw32f030_flash.o(i.FLASH_GetCacheStatus), (16 bytes).
    Removing cw32f030_flash.o(i.FLASH_GetITStatus), (24 bytes).
    Removing cw32f030_flash.o(i.FLASH_GetPrefetchStatus), (16 bytes).
    Removing cw32f030_flash.o(i.FLASH_GetReadOutLevel), (16 bytes).
    Removing cw32f030_flash.o(i.FLASH_GetStatus), (64 bytes).
    Removing cw32f030_flash.o(i.FLASH_ITConfig), (32 bytes).
    Removing cw32f030_flash.o(i.FLASH_LockAllPages), (16 bytes).
    Removing cw32f030_flash.o(i.FLASH_LockPage), (48 bytes).
    Removing cw32f030_flash.o(i.FLASH_LockPages), (68 bytes).
    Removing cw32f030_flash.o(i.FLASH_PrefetchCmd), (20 bytes).
    Removing cw32f030_flash.o(i.FLASH_SetReadOutLevel), (52 bytes).
    Removing cw32f030_flash.o(i.FLASH_UnlockAllPages), (16 bytes).
    Removing cw32f030_flash.o(i.FLASH_UnlockPage), (48 bytes).
    Removing cw32f030_flash.o(i.FLASH_UnlockPages), (68 bytes).
    Removing cw32f030_flash.o(i.FLASH_WirteBytes), (140 bytes).
    Removing cw32f030_gpio.o(.rev16_text), (4 bytes).
    Removing cw32f030_gpio.o(.revsh_text), (4 bytes).
    Removing cw32f030_gpio.o(i.GPIO_DeInit), (56 bytes).
    Removing cw32f030_gpio.o(i.GPIO_GPIO2SWD), (28 bytes).
    Removing cw32f030_gpio.o(i.GPIO_HighByte_Write), (6 bytes).
    Removing cw32f030_gpio.o(i.GPIO_LockPin), (8 bytes).
    Removing cw32f030_gpio.o(i.GPIO_LowByte_Write), (6 bytes).
    Removing cw32f030_gpio.o(i.GPIO_ReadPin), (18 bytes).
    Removing cw32f030_gpio.o(i.GPIO_SWD2GPIO), (24 bytes).
    Removing cw32f030_gpio.o(i.GPIO_TogglePin), (4 bytes).
    Removing cw32f030_gpio.o(i.GPIO_WritePin), (12 bytes).
    Removing cw32f030_gtim.o(.rev16_text), (4 bytes).
    Removing cw32f030_gtim.o(.revsh_text), (4 bytes).
    Removing cw32f030_gtim.o(i.GTIM1_DeInit), (32 bytes).
    Removing cw32f030_gtim.o(i.GTIM1_ITRConfig), (44 bytes).
    Removing cw32f030_gtim.o(i.GTIM2_DeInit), (32 bytes).
    Removing cw32f030_gtim.o(i.GTIM2_ITRConfig), (48 bytes).
    Removing cw32f030_gtim.o(i.GTIM3_DeInit), (36 bytes).
    Removing cw32f030_gtim.o(i.GTIM3_ITRConfig), (48 bytes).
    Removing cw32f030_gtim.o(i.GTIM4_DeInit), (36 bytes).
    Removing cw32f030_gtim.o(i.GTIM4_ITRConfig), (44 bytes).
    Removing cw32f030_gtim.o(i.GTIM_ClearITPendingBit), (12 bytes).
    Removing cw32f030_gtim.o(i.GTIM_Cmd), (28 bytes).
    Removing cw32f030_gtim.o(i.GTIM_DMAConfig), (46 bytes).
    Removing cw32f030_gtim.o(i.GTIM_ETRConfig), (46 bytes).
    Removing cw32f030_gtim.o(i.GTIM_EncodeInit), (94 bytes).
    Removing cw32f030_gtim.o(i.GTIM_GetCapture1), (12 bytes).
    Removing cw32f030_gtim.o(i.GTIM_GetCapture2), (12 bytes).
    Removing cw32f030_gtim.o(i.GTIM_GetCapture3), (12 bytes).
    Removing cw32f030_gtim.o(i.GTIM_GetCapture4), (12 bytes).
    Removing cw32f030_gtim.o(i.GTIM_GetITStatus), (24 bytes).
    Removing cw32f030_gtim.o(i.GTIM_ICChannelConfig), (34 bytes).
    Removing cw32f030_gtim.o(i.GTIM_ICInit), (72 bytes).
    Removing cw32f030_gtim.o(i.GTIM_ITConfig), (46 bytes).
    Removing cw32f030_gtim.o(i.GTIM_OCInit), (32 bytes).
    Removing cw32f030_gtim.o(i.GTIM_SetCompare1), (12 bytes).
    Removing cw32f030_gtim.o(i.GTIM_SetCompare2), (12 bytes).
    Removing cw32f030_gtim.o(i.GTIM_SetCompare3), (12 bytes).
    Removing cw32f030_gtim.o(i.GTIM_SetCompare4), (12 bytes).
    Removing cw32f030_gtim.o(i.GTIM_SetCounterValue), (10 bytes).
    Removing cw32f030_gtim.o(i.GTIM_SetPrescaler), (26 bytes).
    Removing cw32f030_gtim.o(i.GTIM_SetReloadValue), (10 bytes).
    Removing cw32f030_gtim.o(i.GTIM_TimeBaseInit), (64 bytes).
    Removing cw32f030_i2c.o(.rev16_text), (4 bytes).
    Removing cw32f030_i2c.o(.revsh_text), (4 bytes).
    Removing cw32f030_i2c.o(i.I2C1_DeInit), (44 bytes).
    Removing cw32f030_i2c.o(i.I2C1_SoftwareResetCmd), (44 bytes).
    Removing cw32f030_i2c.o(i.I2C2_DeInit), (44 bytes).
    Removing cw32f030_i2c.o(i.I2C2_SoftwareResetCmd), (44 bytes).
    Removing cw32f030_i2c.o(i.I2C_AcknowledgeConfig), (26 bytes).
    Removing cw32f030_i2c.o(i.I2C_BaudGeneratorEnable), (26 bytes).
    Removing cw32f030_i2c.o(i.I2C_ClearIrq), (10 bytes).
    Removing cw32f030_i2c.o(i.I2C_Cmd), (26 bytes).
    Removing cw32f030_i2c.o(i.I2C_FilterConfig), (26 bytes).
    Removing cw32f030_i2c.o(i.I2C_GcConfig), (26 bytes).
    Removing cw32f030_i2c.o(i.I2C_GenerateSTART), (52 bytes).
    Removing cw32f030_i2c.o(i.I2C_GenerateSTOP), (26 bytes).
    Removing cw32f030_i2c.o(i.I2C_GetIrq), (12 bytes).
    Removing cw32f030_i2c.o(i.I2C_GetState), (8 bytes).
    Removing cw32f030_i2c.o(i.I2C_MasterReadEepomData), (256 bytes).
    Removing cw32f030_i2c.o(i.I2C_MasterRecDataFromSlave), (220 bytes).
    Removing cw32f030_i2c.o(i.I2C_MasterSendDataToSlave), (166 bytes).
    Removing cw32f030_i2c.o(i.I2C_MasterWriteEepromData), (174 bytes).
    Removing cw32f030_i2c.o(i.I2C_Master_Init), (54 bytes).
    Removing cw32f030_i2c.o(i.I2C_ReceiveData), (8 bytes).
    Removing cw32f030_i2c.o(i.I2C_Send7bitAddress), (18 bytes).
    Removing cw32f030_i2c.o(i.I2C_SendData), (4 bytes).
    Removing cw32f030_i2c.o(i.I2C_SetBaud), (4 bytes).
    Removing cw32f030_i2c.o(i.I2C_SetOwnSlaveAddress0), (22 bytes).
    Removing cw32f030_i2c.o(i.I2C_SetOwnSlaveAddress1), (22 bytes).
    Removing cw32f030_i2c.o(i.I2C_SetOwnSlaveAddress2), (22 bytes).
    Removing cw32f030_i2c.o(i.I2C_SlaveRecDataFromMaster), (118 bytes).
    Removing cw32f030_i2c.o(i.I2C_SlaveSendDataToMaster), (124 bytes).
    Removing cw32f030_i2c.o(i.I2C_Slave_Init), (56 bytes).
    Removing cw32f030_iwdt.o(.rev16_text), (4 bytes).
    Removing cw32f030_iwdt.o(.revsh_text), (4 bytes).
    Removing cw32f030_iwdt.o(i.IWDT_DeInit), (32 bytes).
    Removing cw32f030_iwdt.o(i.IWDT_GetCounterValue), (20 bytes).
    Removing cw32f030_iwdt.o(i.IWDT_GetFlagStatus), (16 bytes).
    Removing cw32f030_iwdt.o(i.IWDT_ITConfig), (72 bytes).
    Removing cw32f030_iwdt.o(i.IWDT_Init), (84 bytes).
    Removing cw32f030_iwdt.o(i.IWDT_SetPrescaler), (56 bytes).
    Removing cw32f030_iwdt.o(i.IWDT_SetReloadValue), (44 bytes).
    Removing cw32f030_iwdt.o(i.IWDT_SetWindowValue), (44 bytes).
    Removing cw32f030_lvd.o(.rev16_text), (4 bytes).
    Removing cw32f030_lvd.o(.revsh_text), (4 bytes).
    Removing cw32f030_lvd.o(i.LVD_ClearIrq), (20 bytes).
    Removing cw32f030_lvd.o(i.LVD_DeInit), (12 bytes).
    Removing cw32f030_lvd.o(i.LVD_Disable), (20 bytes).
    Removing cw32f030_lvd.o(i.LVD_DisableIrq), (40 bytes).
    Removing cw32f030_lvd.o(i.LVD_DisableNvic), (44 bytes).
    Removing cw32f030_lvd.o(i.LVD_Enable), (20 bytes).
    Removing cw32f030_lvd.o(i.LVD_EnableIrq), (32 bytes).
    Removing cw32f030_lvd.o(i.LVD_EnableNvic), (52 bytes).
    Removing cw32f030_lvd.o(i.LVD_GetFilterResult), (16 bytes).
    Removing cw32f030_lvd.o(i.LVD_GetFlagStatus), (24 bytes).
    Removing cw32f030_lvd.o(i.LVD_GetIrqStatus), (16 bytes).
    Removing cw32f030_lvd.o(i.LVD_Init), (68 bytes).
    Removing cw32f030_lvd.o(i.LVD_TrigConfig), (40 bytes).
    Removing cw32f030_lvd.o(i.__NVIC_ClearPendingIRQ), (24 bytes).
    Removing cw32f030_lvd.o(i.__NVIC_SetPriority), (120 bytes).
    Removing cw32f030_pwr.o(.rev16_text), (4 bytes).
    Removing cw32f030_pwr.o(.revsh_text), (4 bytes).
    Removing cw32f030_pwr.o(i.PWR_Config), (32 bytes).
    Removing cw32f030_pwr.o(i.PWR_GotoLpmMode), (4 bytes).
    Removing cw32f030_ram.o(.rev16_text), (4 bytes).
    Removing cw32f030_ram.o(.revsh_text), (4 bytes).
    Removing cw32f030_ram.o(i.RAM_ClearITPendingBit), (16 bytes).
    Removing cw32f030_ram.o(i.RAM_GetErrorAddress), (12 bytes).
    Removing cw32f030_ram.o(i.RAM_GetITStatus), (24 bytes).
    Removing cw32f030_ram.o(i.RAM_ITConfig), (32 bytes).
    Removing cw32f030_rcc.o(.rev16_text), (4 bytes).
    Removing cw32f030_rcc.o(.revsh_text), (4 bytes).
    Removing cw32f030_rcc.o(i.RCC_AHBPeriphClk_Enable), (32 bytes).
    Removing cw32f030_rcc.o(i.RCC_AHBPeriphReset), (32 bytes).
    Removing cw32f030_rcc.o(i.RCC_APBPeriphClk_Enable1), (32 bytes).
    Removing cw32f030_rcc.o(i.RCC_APBPeriphClk_Enable2), (32 bytes).
    Removing cw32f030_rcc.o(i.RCC_APBPeriphReset1), (32 bytes).
    Removing cw32f030_rcc.o(i.RCC_APBPeriphReset2), (32 bytes).
    Removing cw32f030_rcc.o(i.RCC_ATIMITRSelect), (24 bytes).
    Removing cw32f030_rcc.o(i.RCC_BTIM1ITRSelect), (32 bytes).
    Removing cw32f030_rcc.o(i.RCC_BTIM2ITRSelect), (32 bytes).
    Removing cw32f030_rcc.o(i.RCC_BTIM3ITRSelect), (32 bytes).
    Removing cw32f030_rcc.o(i.RCC_CCS_Config), (48 bytes).
    Removing cw32f030_rcc.o(i.RCC_ClearITPendingBit), (16 bytes).
    Removing cw32f030_rcc.o(i.RCC_ClearRstFlag), (16 bytes).
    Removing cw32f030_rcc.o(i.RCC_DeInit), (132 bytes).
    Removing cw32f030_rcc.o(i.RCC_GTIM1ITRSelect), (28 bytes).
    Removing cw32f030_rcc.o(i.RCC_GTIM2ITRSelect), (32 bytes).
    Removing cw32f030_rcc.o(i.RCC_GTIM3ITRSelect), (32 bytes).
    Removing cw32f030_rcc.o(i.RCC_GTIM4ITRSelect), (32 bytes).
    Removing cw32f030_rcc.o(i.RCC_GetAllRstFlag), (12 bytes).
    Removing cw32f030_rcc.o(i.RCC_GetAllStableFlag), (12 bytes).
    Removing cw32f030_rcc.o(i.RCC_GetITStatus), (24 bytes).
    Removing cw32f030_rcc.o(i.RCC_GetRstFlag), (24 bytes).
    Removing cw32f030_rcc.o(i.RCC_GetStableFlag), (24 bytes).
    Removing cw32f030_rcc.o(i.RCC_HCLK_OUT), (72 bytes).
    Removing cw32f030_rcc.o(i.RCC_HSE_Disable), (28 bytes).
    Removing cw32f030_rcc.o(i.RCC_HSE_Enable), (204 bytes).
    Removing cw32f030_rcc.o(i.RCC_HSE_OUT), (68 bytes).
    Removing cw32f030_rcc.o(i.RCC_HSI_Disable), (28 bytes).
    Removing cw32f030_rcc.o(i.RCC_HSI_OUT), (56 bytes).
    Removing cw32f030_rcc.o(i.RCC_ITConfig), (48 bytes).
    Removing cw32f030_rcc.o(i.RCC_LOCKUP_Config), (32 bytes).
    Removing cw32f030_rcc.o(i.RCC_LSELOCK_Config), (28 bytes).
    Removing cw32f030_rcc.o(i.RCC_LSE_Disable), (28 bytes).
    Removing cw32f030_rcc.o(i.RCC_LSE_Enable), (144 bytes).
    Removing cw32f030_rcc.o(i.RCC_LSE_OUT), (68 bytes).
    Removing cw32f030_rcc.o(i.RCC_LSI_Disable), (28 bytes).
    Removing cw32f030_rcc.o(i.RCC_LSI_Enable), (64 bytes).
    Removing cw32f030_rcc.o(i.RCC_LSI_OUT), (68 bytes).
    Removing cw32f030_rcc.o(i.RCC_MCO_OUT), (72 bytes).
    Removing cw32f030_rcc.o(i.RCC_PCLKPRS_Config), (32 bytes).
    Removing cw32f030_rcc.o(i.RCC_PCLK_OUT), (72 bytes).
    Removing cw32f030_rcc.o(i.RCC_PLL_Disable), (28 bytes).
    Removing cw32f030_rcc.o(i.RCC_PLL_OUT), (68 bytes).
    Removing cw32f030_rcc.o(i.RCC_SWDIO_Config), (32 bytes).
    Removing cw32f030_rcc.o(i.RCC_SYSCLKSRC_Config), (48 bytes).
    Removing cw32f030_rcc.o(i.RCC_Sysctrl_GetPClkFreq), (32 bytes).
    Removing cw32f030_rcc.o(i.RCC_WAKEUPCLK_Config), (32 bytes).
    Removing interrupts_cw32f030.o(.rev16_text), (4 bytes).
    Removing interrupts_cw32f030.o(.revsh_text), (4 bytes).
    Removing cw32f030_rtc.o(.rev16_text), (4 bytes).
    Removing cw32f030_rtc.o(.revsh_text), (4 bytes).
    Removing cw32f030_rtc.o(i.RTC_AWTCmd), (136 bytes).
    Removing cw32f030_rtc.o(i.RTC_AWTConfig), (140 bytes).
    Removing cw32f030_rtc.o(i.RTC_AlarmCmd), (172 bytes).
    Removing cw32f030_rtc.o(i.RTC_BCDToBin), (24 bytes).
    Removing cw32f030_rtc.o(i.RTC_BinToBCD), (28 bytes).
    Removing cw32f030_rtc.o(i.RTC_CalibrationCmd), (140 bytes).
    Removing cw32f030_rtc.o(i.RTC_CalibrationConfig), (140 bytes).
    Removing cw32f030_rtc.o(i.RTC_ClearITPendingBit), (68 bytes).
    Removing cw32f030_rtc.o(i.RTC_Cmd), (84 bytes).
    Removing cw32f030_rtc.o(i.RTC_DeInit), (124 bytes).
    Removing cw32f030_rtc.o(i.RTC_GetAlarm), (124 bytes).
    Removing cw32f030_rtc.o(i.RTC_GetDate), (60 bytes).
    Removing cw32f030_rtc.o(i.RTC_GetITState), (36 bytes).
    Removing cw32f030_rtc.o(i.RTC_GetTamperDate), (48 bytes).
    Removing cw32f030_rtc.o(i.RTC_GetTamperTime), (72 bytes).
    Removing cw32f030_rtc.o(i.RTC_GetTime), (84 bytes).
    Removing cw32f030_rtc.o(i.RTC_ITConfig), (92 bytes).
    Removing cw32f030_rtc.o(i.RTC_Init), (164 bytes).
    Removing cw32f030_rtc.o(i.RTC_OutputConfig), (136 bytes).
    Removing cw32f030_rtc.o(i.RTC_SetAlarm), (156 bytes).
    Removing cw32f030_rtc.o(i.RTC_SetClockSource), (68 bytes).
    Removing cw32f030_rtc.o(i.RTC_SetDate), (88 bytes).
    Removing cw32f030_rtc.o(i.RTC_SetInterval), (132 bytes).
    Removing cw32f030_rtc.o(i.RTC_SetTime), (160 bytes).
    Removing cw32f030_rtc.o(i.RTC_TamperCmd), (136 bytes).
    Removing cw32f030_rtc.o(i.RTC_TamperTriggerConfig), (136 bytes).
    Removing cw32f030_spi.o(.rev16_text), (4 bytes).
    Removing cw32f030_spi.o(.revsh_text), (4 bytes).
    Removing cw32f030_spi.o(i.SPI1_DeInit), (36 bytes).
    Removing cw32f030_spi.o(i.SPI2_DeInit), (32 bytes).
    Removing cw32f030_spi.o(i.SPI_BiDirectionalLineConfig), (4 bytes).
    Removing cw32f030_spi.o(i.SPI_ClearFlag), (8 bytes).
    Removing cw32f030_spi.o(i.SPI_ClearITPendingBit), (8 bytes).
    Removing cw32f030_spi.o(i.SPI_Cmd), (20 bytes).
    Removing cw32f030_spi.o(i.SPI_DMACmd), (20 bytes).
    Removing cw32f030_spi.o(i.SPI_DataSizeConfig), (14 bytes).
    Removing cw32f030_spi.o(i.SPI_FlushSendBuff), (10 bytes).
    Removing cw32f030_spi.o(i.SPI_GetFlagStatus), (18 bytes).
    Removing cw32f030_spi.o(i.SPI_GetITStatus), (18 bytes).
    Removing cw32f030_spi.o(i.SPI_ITConfig), (20 bytes).
    Removing cw32f030_spi.o(i.SPI_Init), (52 bytes).
    Removing cw32f030_spi.o(i.SPI_MISOOutputConfig), (24 bytes).
    Removing cw32f030_spi.o(i.SPI_NSSInternalSoftwareConfig), (4 bytes).
    Removing cw32f030_spi.o(i.SPI_ReceiveData), (8 bytes).
    Removing cw32f030_spi.o(i.SPI_SendData), (4 bytes).
    Removing cw32f030_spi.o(i.SPI_StructInit), (28 bytes).
    Removing cw32f030_systick.o(.rev16_text), (4 bytes).
    Removing cw32f030_systick.o(.revsh_text), (4 bytes).
    Removing cw32f030_systick.o(i.GetTick), (12 bytes).
    Removing cw32f030_systick.o(i.InitTick), (108 bytes).
    Removing cw32f030_systick.o(i.ResumeTick), (20 bytes).
    Removing cw32f030_systick.o(i.SuspendTick), (20 bytes).
    Removing cw32f030_systick.o(i.SysTickDelay), (44 bytes).
    Removing cw32f030_systick.o(i.__NVIC_SetPriority), (120 bytes).
    Removing cw32f030_uart.o(.rev16_text), (4 bytes).
    Removing cw32f030_uart.o(.revsh_text), (4 bytes).
    Removing cw32f030_uart.o(i.UART1_DeInit), (36 bytes).
    Removing cw32f030_uart.o(i.UART2_DeInit), (32 bytes).
    Removing cw32f030_uart.o(i.UART3_DeInit), (36 bytes).
    Removing cw32f030_uart.o(i.USART_ClearFlag), (8 bytes).
    Removing cw32f030_uart.o(i.USART_ClearITPendingBit), (8 bytes).
    Removing cw32f030_uart.o(i.USART_ClockInit), (28 bytes).
    Removing cw32f030_uart.o(i.USART_ClockStructInit), (8 bytes).
    Removing cw32f030_uart.o(i.USART_DMACmd), (26 bytes).
    Removing cw32f030_uart.o(i.USART_GetFlagStatus), (18 bytes).
    Removing cw32f030_uart.o(i.USART_GetITStatus), (18 bytes).
    Removing cw32f030_uart.o(i.USART_HalfDuplexCmd), (20 bytes).
    Removing cw32f030_uart.o(i.USART_ITConfig), (26 bytes).
    Removing cw32f030_uart.o(i.USART_Init), (372 bytes).
    Removing cw32f030_uart.o(i.USART_ReceiveData), (10 bytes).
    Removing cw32f030_uart.o(i.USART_ReceiveData_8bit), (8 bytes).
    Removing cw32f030_uart.o(i.USART_SendData), (8 bytes).
    Removing cw32f030_uart.o(i.USART_SendData_8bit), (4 bytes).
    Removing cw32f030_uart.o(i.USART_SetMultiMode), (32 bytes).
    Removing cw32f030_uart.o(i.USART_StructInit), (28 bytes).
    Removing cw32f030_uart.o(i.USART_TxRxEN), (26 bytes).
    Removing cw32f030_uart.o(i.USART_TxRxINV), (26 bytes).
    Removing cw32f030_vc.o(.rev16_text), (4 bytes).
    Removing cw32f030_vc.o(.revsh_text), (4 bytes).
    Removing cw32f030_vc.o(i.VC1VC2_BlankInit), (12 bytes).
    Removing cw32f030_vc.o(i.VC1VC2_DIVDeInit), (16 bytes).
    Removing cw32f030_vc.o(i.VC1VC2_DIVInit), (92 bytes).
    Removing cw32f030_vc.o(i.VC1VC2_INNInit), (112 bytes).
    Removing cw32f030_vc.o(i.VC1VC2_OutInit), (8 bytes).
    Removing cw32f030_vc.o(i.VC1_BlankCfg), (36 bytes).
    Removing cw32f030_vc.o(i.VC1_ChannelDeInit), (24 bytes).
    Removing cw32f030_vc.o(i.VC1_ChannelInit), (80 bytes).
    Removing cw32f030_vc.o(i.VC1_ClearIrq), (20 bytes).
    Removing cw32f030_vc.o(i.VC1_DisableChannel), (20 bytes).
    Removing cw32f030_vc.o(i.VC1_DisableFilter), (20 bytes).
    Removing cw32f030_vc.o(i.VC1_DisableIrq), (28 bytes).
    Removing cw32f030_vc.o(i.VC1_EnableChannel), (32 bytes).
    Removing cw32f030_vc.o(i.VC1_EnableFilter), (20 bytes).
    Removing cw32f030_vc.o(i.VC1_EnableIrq), (32 bytes).
    Removing cw32f030_vc.o(i.VC1_GetFlagStatus), (24 bytes).
    Removing cw32f030_vc.o(i.VC1_ITConfig), (32 bytes).
    Removing cw32f030_vc.o(i.VC1_OutputCfg), (28 bytes).
    Removing cw32f030_vc.o(i.VC1_PolarityCfg), (36 bytes).
    Removing cw32f030_vc.o(i.VC1_WindowEnable), (36 bytes).
    Removing cw32f030_vc.o(i.VC2_BlankCfg), (36 bytes).
    Removing cw32f030_vc.o(i.VC2_ChannelDeInit), (24 bytes).
    Removing cw32f030_vc.o(i.VC2_ChannelInit), (80 bytes).
    Removing cw32f030_vc.o(i.VC2_ClearIrq), (20 bytes).
    Removing cw32f030_vc.o(i.VC2_DisableChannel), (20 bytes).
    Removing cw32f030_vc.o(i.VC2_DisableFilter), (20 bytes).
    Removing cw32f030_vc.o(i.VC2_DisableIrq), (28 bytes).
    Removing cw32f030_vc.o(i.VC2_EnableChannel), (32 bytes).
    Removing cw32f030_vc.o(i.VC2_EnableFilter), (20 bytes).
    Removing cw32f030_vc.o(i.VC2_EnableIrq), (32 bytes).
    Removing cw32f030_vc.o(i.VC2_GetFlagStatus), (24 bytes).
    Removing cw32f030_vc.o(i.VC2_ITConfig), (40 bytes).
    Removing cw32f030_vc.o(i.VC2_OutputCfg), (28 bytes).
    Removing cw32f030_vc.o(i.VC2_PolarityCfg), (36 bytes).
    Removing cw32f030_vc.o(i.VC2_WindowEnable), (36 bytes).
    Removing cw32f030_vc.o(i.VC_DeInit), (40 bytes).
    Removing cw32f030_vc.o(i.VC_DisableNvic), (44 bytes).
    Removing cw32f030_vc.o(i.VC_EnableNvic), (60 bytes).
    Removing cw32f030_vc.o(i.__NVIC_ClearPendingIRQ), (24 bytes).
    Removing cw32f030_vc.o(i.__NVIC_SetPriority), (120 bytes).
    Removing cw32f030_wwdt.o(.rev16_text), (4 bytes).
    Removing cw32f030_wwdt.o(.revsh_text), (4 bytes).
    Removing cw32f030_wwdt.o(i.WWDT_ClearFlag), (20 bytes).
    Removing cw32f030_wwdt.o(i.WWDT_Cmd), (20 bytes).
    Removing cw32f030_wwdt.o(i.WWDT_DeInit), (32 bytes).
    Removing cw32f030_wwdt.o(i.WWDT_EnableIT), (24 bytes).
    Removing cw32f030_wwdt.o(i.WWDT_GetCounterValue), (16 bytes).
    Removing cw32f030_wwdt.o(i.WWDT_GetFlagStatus), (12 bytes).
    Removing cw32f030_wwdt.o(i.WWDT_GetWindowValue), (16 bytes).
    Removing cw32f030_wwdt.o(i.WWDT_Init), (76 bytes).
    Removing cw32f030_wwdt.o(i.WWDT_Refresh), (24 bytes).
    Removing cw32f030_wwdt.o(i.WWDT_SetPrescaler), (24 bytes).
    Removing cw32f030_wwdt.o(i.WWDT_SetWindowValue), (24 bytes).
    Removing system_cw32f030.o(.rev16_text), (4 bytes).
    Removing system_cw32f030.o(.revsh_text), (4 bytes).
    Removing system_cw32f030.o(i.FirmwareDelay), (18 bytes).
    Removing system_cw32f030.o(i.MemClr), (32 bytes).
    Removing system_cw32f030.o(i.delay10us), (92 bytes).
    Removing system_cw32f030.o(i.delay1ms), (88 bytes).
    Removing main.o(.rev16_text), (4 bytes).
    Removing main.o(.revsh_text), (4 bytes).
    Removing rcc.o(.rev16_text), (4 bytes).
    Removing rcc.o(.revsh_text), (4 bytes).
    Removing rcc.o(i.rccInitHSI), (10 bytes).
    Removing switch.o(.rev16_text), (4 bytes).
    Removing switch.o(.revsh_text), (4 bytes).
    Removing switch.o(i.GPIOB_IRQHandlerCallback), (8 bytes).
    Removing cw32f030_iwdt.o(i.IWDT_Cmd), (16 bytes).
    Removing cw32f030_iwdt.o(i.IWDT_Refresh), (16 bytes).
    Removing cw32f030_iwdt.o(i.IWDT_Unlock), (16 bytes).
    Removing cw32f030_iwdt.o(i.IWDT_Lock), (16 bytes).
    Removing cw32f030_iwdt.o(i.IWDT_Stop), (28 bytes).
    Removing cw32f030_iwdt.o(i.IWDT_ClearOVFlag), (20 bytes).

505 unused section(s) (total 18486 bytes) removed from the image.

==============================================================================

Image Symbol Table

    Local Symbols

    Symbol Name                              Value     Ov Type        Size  Object(Section)

    RESET                                    0x00000000   Section      192  startup_cw32f030.o(RESET)
    ../clib/angel/boardlib.s                 0x00000000   Number         0  boardinit2.o ABSOLUTE
    ../clib/angel/boardlib.s                 0x00000000   Number         0  boardinit3.o ABSOLUTE
    ../clib/angel/boardlib.s                 0x00000000   Number         0  boardinit1.o ABSOLUTE
    ../clib/angel/boardlib.s                 0x00000000   Number         0  boardshut.o ABSOLUTE
    ../clib/angel/handlers.s                 0x00000000   Number         0  __scatter_copy.o ABSOLUTE
    ../clib/angel/handlers.s                 0x00000000   Number         0  __scatter_zi.o ABSOLUTE
    ../clib/angel/kernel.s                   0x00000000   Number         0  rtexit.o ABSOLUTE
    ../clib/angel/kernel.s                   0x00000000   Number         0  __rtentry.o ABSOLUTE
    ../clib/angel/kernel.s                   0x00000000   Number         0  __rtentry2.o ABSOLUTE
    ../clib/angel/kernel.s                   0x00000000   Number         0  __rtentry4.o ABSOLUTE
    ../clib/angel/kernel.s                   0x00000000   Number         0  rtexit2.o ABSOLUTE
    ../clib/angel/rt.s                       0x00000000   Number         0  rt_raise.o ABSOLUTE
    ../clib/angel/rt.s                       0x00000000   Number         0  aeabi_idiv0.o ABSOLUTE
    ../clib/angel/rt.s                       0x00000000   Number         0  aeabi_idiv0_sigfpe.o ABSOLUTE
    ../clib/angel/rt.s                       0x00000000   Number         0  rt_div0.o ABSOLUTE
    ../clib/angel/rt.s                       0x00000000   Number         0  aeabi_ldiv0.o ABSOLUTE
    ../clib/angel/rt.s                       0x00000000   Number         0  aeabi_ldiv0_sigfpe.o ABSOLUTE
    ../clib/angel/scatterp.s                 0x00000000   Number         0  __scatter.o ABSOLUTE
    ../clib/angel/startup.s                  0x00000000   Number         0  __main.o ABSOLUTE
    ../clib/angel/sys.s                      0x00000000   Number         0  libspace.o ABSOLUTE
    ../clib/angel/sys.s                      0x00000000   Number         0  tempstk.o ABSOLUTE
    ../clib/angel/sys.s                      0x00000000   Number         0  indicate_semi.o ABSOLUTE
    ../clib/angel/sys.s                      0x00000000   Number         0  use_no_semi.o ABSOLUTE
    ../clib/angel/sys.s                      0x00000000   Number         0  sys_stackheap_outer.o ABSOLUTE
    ../clib/angel/sysapp.c                   0x00000000   Number         0  sys_command.o ABSOLUTE
    ../clib/angel/sysapp.c                   0x00000000   Number         0  sys_wrch.o ABSOLUTE
    ../clib/angel/sysapp.c                   0x00000000   Number         0  sys_exit.o ABSOLUTE
    ../clib/armsys.c                         0x00000000   Number         0  no_argv.o ABSOLUTE
    ../clib/armsys.c                         0x00000000   Number         0  _get_argv_nomalloc.o ABSOLUTE
    ../clib/armsys.c                         0x00000000   Number         0  argv_veneer.o ABSOLUTE
    ../clib/division.c                       0x00000000   Number         0  llsdiv.o ABSOLUTE
    ../clib/division.c                       0x00000000   Number         0  lludiv.o ABSOLUTE
    ../clib/division.s                       0x00000000   Number         0  aeabi_sdiv.o ABSOLUTE
    ../clib/division.s                       0x00000000   Number         0  aeabi_sdiv_div0.o ABSOLUTE
    ../clib/heapalloc.c                      0x00000000   Number         0  hrguard.o ABSOLUTE
    ../clib/heapaux.c                        0x00000000   Number         0  heapauxi.o ABSOLUTE
    ../clib/libinit.s                        0x00000000   Number         0  libinit2.o ABSOLUTE
    ../clib/libinit.s                        0x00000000   Number         0  libshutdown2.o ABSOLUTE
    ../clib/libinit.s                        0x00000000   Number         0  libinit.o ABSOLUTE
    ../clib/libinit.s                        0x00000000   Number         0  libshutdown.o ABSOLUTE
    ../clib/memcpset.c                       0x00000000   Number         0  rt_memcpy.o ABSOLUTE
    ../clib/memcpset.c                       0x00000000   Number         0  rt_memcpy.o ABSOLUTE
    ../clib/signal.c                         0x00000000   Number         0  __raise.o ABSOLUTE
    ../clib/signal.c                         0x00000000   Number         0  defsig_fpe_inner.o ABSOLUTE
    ../clib/signal.c                         0x00000000   Number         0  defsig_other.o ABSOLUTE
    ../clib/signal.c                         0x00000000   Number         0  defsig_exit.o ABSOLUTE
    ../clib/signal.c                         0x00000000   Number         0  defsig_rtmem_inner.o ABSOLUTE
    ../clib/signal.c                         0x00000000   Number         0  defsig_rtmem_formal.o ABSOLUTE
    ../clib/signal.c                         0x00000000   Number         0  defsig_segv_inner.o ABSOLUTE
    ../clib/signal.c                         0x00000000   Number         0  defsig_rtmem_outer.o ABSOLUTE
    ../clib/signal.c                         0x00000000   Number         0  defsig_stak_inner.o ABSOLUTE
    ../clib/signal.c                         0x00000000   Number         0  defsig_cppl_inner.o ABSOLUTE
    ../clib/signal.c                         0x00000000   Number         0  defsig_pvfn_inner.o ABSOLUTE
    ../clib/signal.c                         0x00000000   Number         0  defsig_fpe_formal.o ABSOLUTE
    ../clib/signal.c                         0x00000000   Number         0  defsig_fpe_outer.o ABSOLUTE
    ../clib/signal.c                         0x00000000   Number         0  defsig_general.o ABSOLUTE
    ../clib/signal.c                         0x00000000   Number         0  defsig_rtred_inner.o ABSOLUTE
    ../clib/signal.c                         0x00000000   Number         0  defsig_abrt_inner.o ABSOLUTE
    ../clib/signal.s                         0x00000000   Number         0  defsig.o ABSOLUTE
    ../clib/stdlib.c                         0x00000000   Number         0  exit.o ABSOLUTE
    ../fplib/cfplib/daddsub.c                0x00000000   Number         0  daddsub.o ABSOLUTE
    ../fplib/cfplib/f2d.c                    0x00000000   Number         0  f2d.o ABSOLUTE
    ../fplib/cfplib/fdiv.c                   0x00000000   Number         0  fdiv.o ABSOLUTE
    ../fplib/cfplib/ffix.c                   0x00000000   Number         0  ffixui.o ABSOLUTE
    ../fplib/cfplib/ffix.c                   0x00000000   Number         0  dfixui.o ABSOLUTE
    ../fplib/cfplib/fflt.c                   0x00000000   Number         0  fflti.o ABSOLUTE
    ../fplib/cfplib/fpinit.c                 0x00000000   Number         0  fpinit.o ABSOLUTE
    ../fplib/faddsub6m.s                     0x00000000   Number         0  faddsub.o ABSOLUTE
    ../fplib/fmul6m.s                        0x00000000   Number         0  fmul.o ABSOLUTE
    ../fplib/usenofp.s                       0x00000000   Number         0  usenofp.o ABSOLUTE
    Hardware\\src\\rcc.c                     0x00000000   Number         0  rcc.o ABSOLUTE
    Hardware\\src\\switch.c                  0x00000000   Number         0  switch.o ABSOLUTE
    Hardware\src\rcc.c                       0x00000000   Number         0  rcc.o ABSOLUTE
    Hardware\src\switch.c                    0x00000000   Number         0  switch.o ABSOLUTE
    Libraries\\src\\cw32f030_adc.c           0x00000000   Number         0  cw32f030_adc.o ABSOLUTE
    Libraries\\src\\cw32f030_atim.c          0x00000000   Number         0  cw32f030_atim.o ABSOLUTE
    Libraries\\src\\cw32f030_awt.c           0x00000000   Number         0  cw32f030_awt.o ABSOLUTE
    Libraries\\src\\cw32f030_btim.c          0x00000000   Number         0  cw32f030_btim.o ABSOLUTE
    Libraries\\src\\cw32f030_crc.c           0x00000000   Number         0  cw32f030_crc.o ABSOLUTE
    Libraries\\src\\cw32f030_debug.c         0x00000000   Number         0  cw32f030_debug.o ABSOLUTE
    Libraries\\src\\cw32f030_digitalsign.c   0x00000000   Number         0  cw32f030_digitalsign.o ABSOLUTE
    Libraries\\src\\cw32f030_dma.c           0x00000000   Number         0  cw32f030_dma.o ABSOLUTE
    Libraries\\src\\cw32f030_flash.c         0x00000000   Number         0  cw32f030_flash.o ABSOLUTE
    Libraries\\src\\cw32f030_gpio.c          0x00000000   Number         0  cw32f030_gpio.o ABSOLUTE
    Libraries\\src\\cw32f030_gtim.c          0x00000000   Number         0  cw32f030_gtim.o ABSOLUTE
    Libraries\\src\\cw32f030_i2c.c           0x00000000   Number         0  cw32f030_i2c.o ABSOLUTE
    Libraries\\src\\cw32f030_iwdt.c          0x00000000   Number         0  cw32f030_iwdt.o ABSOLUTE
    Libraries\\src\\cw32f030_lvd.c           0x00000000   Number         0  cw32f030_lvd.o ABSOLUTE
    Libraries\\src\\cw32f030_pwr.c           0x00000000   Number         0  cw32f030_pwr.o ABSOLUTE
    Libraries\\src\\cw32f030_ram.c           0x00000000   Number         0  cw32f030_ram.o ABSOLUTE
    Libraries\\src\\cw32f030_rcc.c           0x00000000   Number         0  cw32f030_rcc.o ABSOLUTE
    Libraries\\src\\cw32f030_rtc.c           0x00000000   Number         0  cw32f030_rtc.o ABSOLUTE
    Libraries\\src\\cw32f030_spi.c           0x00000000   Number         0  cw32f030_spi.o ABSOLUTE
    Libraries\\src\\cw32f030_systick.c       0x00000000   Number         0  cw32f030_systick.o ABSOLUTE
    Libraries\\src\\cw32f030_uart.c          0x00000000   Number         0  cw32f030_uart.o ABSOLUTE
    Libraries\\src\\cw32f030_vc.c            0x00000000   Number         0  cw32f030_vc.o ABSOLUTE
    Libraries\\src\\cw32f030_wwdt.c          0x00000000   Number         0  cw32f030_wwdt.o ABSOLUTE
    Libraries\\src\\system_cw32f030.c        0x00000000   Number         0  system_cw32f030.o ABSOLUTE
    Libraries\src\cw32f030_adc.c             0x00000000   Number         0  cw32f030_adc.o ABSOLUTE
    Libraries\src\cw32f030_atim.c            0x00000000   Number         0  cw32f030_atim.o ABSOLUTE
    Libraries\src\cw32f030_awt.c             0x00000000   Number         0  cw32f030_awt.o ABSOLUTE
    Libraries\src\cw32f030_btim.c            0x00000000   Number         0  cw32f030_btim.o ABSOLUTE
    Libraries\src\cw32f030_crc.c             0x00000000   Number         0  cw32f030_crc.o ABSOLUTE
    Libraries\src\cw32f030_debug.c           0x00000000   Number         0  cw32f030_debug.o ABSOLUTE
    Libraries\src\cw32f030_digitalsign.c     0x00000000   Number         0  cw32f030_digitalsign.o ABSOLUTE
    Libraries\src\cw32f030_dma.c             0x00000000   Number         0  cw32f030_dma.o ABSOLUTE
    Libraries\src\cw32f030_flash.c           0x00000000   Number         0  cw32f030_flash.o ABSOLUTE
    Libraries\src\cw32f030_gpio.c            0x00000000   Number         0  cw32f030_gpio.o ABSOLUTE
    Libraries\src\cw32f030_gtim.c            0x00000000   Number         0  cw32f030_gtim.o ABSOLUTE
    Libraries\src\cw32f030_i2c.c             0x00000000   Number         0  cw32f030_i2c.o ABSOLUTE
    Libraries\src\cw32f030_iwdt.c            0x00000000   Number         0  cw32f030_iwdt.o ABSOLUTE
    Libraries\src\cw32f030_lvd.c             0x00000000   Number         0  cw32f030_lvd.o ABSOLUTE
    Libraries\src\cw32f030_pwr.c             0x00000000   Number         0  cw32f030_pwr.o ABSOLUTE
    Libraries\src\cw32f030_ram.c             0x00000000   Number         0  cw32f030_ram.o ABSOLUTE
    Libraries\src\cw32f030_rcc.c             0x00000000   Number         0  cw32f030_rcc.o ABSOLUTE
    Libraries\src\cw32f030_rtc.c             0x00000000   Number         0  cw32f030_rtc.o ABSOLUTE
    Libraries\src\cw32f030_spi.c             0x00000000   Number         0  cw32f030_spi.o ABSOLUTE
    Libraries\src\cw32f030_systick.c         0x00000000   Number         0  cw32f030_systick.o ABSOLUTE
    Libraries\src\cw32f030_uart.c            0x00000000   Number         0  cw32f030_uart.o ABSOLUTE
    Libraries\src\cw32f030_vc.c              0x00000000   Number         0  cw32f030_vc.o ABSOLUTE
    Libraries\src\cw32f030_wwdt.c            0x00000000   Number         0  cw32f030_wwdt.o ABSOLUTE
    Libraries\src\system_cw32f030.c          0x00000000   Number         0  system_cw32f030.o ABSOLUTE
    UserAPP\\src\\interrupts_cw32f030.c      0x00000000   Number         0  interrupts_cw32f030.o ABSOLUTE
    UserAPP\\src\\main.c                     0x00000000   Number         0  main.o ABSOLUTE
    UserAPP\src\interrupts_cw32f030.c        0x00000000   Number         0  interrupts_cw32f030.o ABSOLUTE
    UserAPP\src\main.c                       0x00000000   Number         0  main.o ABSOLUTE
    dc.s                                     0x00000000   Number         0  dc.o ABSOLUTE
    oled.c                                   0x00000000   Number         0  oled.o ABSOLUTE
    startup_cw32f030.s                       0x00000000   Number         0  startup_cw32f030.o ABSOLUTE
    !!!main                                  0x000000c0   Section        8  __main.o(!!!main)
    !!!scatter                               0x000000c8   Section       60  __scatter.o(!!!scatter)
    !!handler_copy                           0x00000104   Section       26  __scatter_copy.o(!!handler_copy)
    !!handler_zi                             0x00000120   Section       28  __scatter_zi.o(!!handler_zi)
    .ARM.Collect$$libinit$$00000000          0x0000013c   Section        2  libinit.o(.ARM.Collect$$libinit$$00000000)
    .ARM.Collect$$libinit$$00000002          0x0000013e   Section        0  libinit2.o(.ARM.Collect$$libinit$$00000002)
    .ARM.Collect$$libinit$$00000004          0x0000013e   Section        0  libinit2.o(.ARM.Collect$$libinit$$00000004)
    .ARM.Collect$$libinit$$0000000A          0x0000013e   Section        0  libinit2.o(.ARM.Collect$$libinit$$0000000A)
    .ARM.Collect$$libinit$$0000000C          0x0000013e   Section        0  libinit2.o(.ARM.Collect$$libinit$$0000000C)
    .ARM.Collect$$libinit$$0000000E          0x0000013e   Section        0  libinit2.o(.ARM.Collect$$libinit$$0000000E)
    .ARM.Collect$$libinit$$00000011          0x0000013e   Section        0  libinit2.o(.ARM.Collect$$libinit$$00000011)
    .ARM.Collect$$libinit$$00000013          0x0000013e   Section        0  libinit2.o(.ARM.Collect$$libinit$$00000013)
    .ARM.Collect$$libinit$$00000015          0x0000013e   Section        0  libinit2.o(.ARM.Collect$$libinit$$00000015)
    .ARM.Collect$$libinit$$00000017          0x0000013e   Section        0  libinit2.o(.ARM.Collect$$libinit$$00000017)
    .ARM.Collect$$libinit$$00000019          0x0000013e   Section        0  libinit2.o(.ARM.Collect$$libinit$$00000019)
    .ARM.Collect$$libinit$$0000001B          0x0000013e   Section        0  libinit2.o(.ARM.Collect$$libinit$$0000001B)
    .ARM.Collect$$libinit$$0000001D          0x0000013e   Section        0  libinit2.o(.ARM.Collect$$libinit$$0000001D)
    .ARM.Collect$$libinit$$0000001F          0x0000013e   Section        0  libinit2.o(.ARM.Collect$$libinit$$0000001F)
    .ARM.Collect$$libinit$$00000021          0x0000013e   Section        0  libinit2.o(.ARM.Collect$$libinit$$00000021)
    .ARM.Collect$$libinit$$00000023          0x0000013e   Section        0  libinit2.o(.ARM.Collect$$libinit$$00000023)
    .ARM.Collect$$libinit$$00000025          0x0000013e   Section        0  libinit2.o(.ARM.Collect$$libinit$$00000025)
    .ARM.Collect$$libinit$$0000002C          0x0000013e   Section        0  libinit2.o(.ARM.Collect$$libinit$$0000002C)
    .ARM.Collect$$libinit$$0000002E          0x0000013e   Section        0  libinit2.o(.ARM.Collect$$libinit$$0000002E)
    .ARM.Collect$$libinit$$00000030          0x0000013e   Section        0  libinit2.o(.ARM.Collect$$libinit$$00000030)
    .ARM.Collect$$libinit$$00000032          0x0000013e   Section        0  libinit2.o(.ARM.Collect$$libinit$$00000032)
    .ARM.Collect$$libinit$$00000033          0x0000013e   Section        2  libinit2.o(.ARM.Collect$$libinit$$00000033)
    .ARM.Collect$$libshutdown$$00000000      0x00000140   Section        2  libshutdown.o(.ARM.Collect$$libshutdown$$00000000)
    .ARM.Collect$$libshutdown$$00000002      0x00000142   Section        0  libshutdown2.o(.ARM.Collect$$libshutdown$$00000002)
    .ARM.Collect$$libshutdown$$00000004      0x00000142   Section        0  libshutdown2.o(.ARM.Collect$$libshutdown$$00000004)
    .ARM.Collect$$libshutdown$$00000006      0x00000142   Section        0  libshutdown2.o(.ARM.Collect$$libshutdown$$00000006)
    .ARM.Collect$$libshutdown$$00000009      0x00000142   Section        0  libshutdown2.o(.ARM.Collect$$libshutdown$$00000009)
    .ARM.Collect$$libshutdown$$0000000C      0x00000142   Section        0  libshutdown2.o(.ARM.Collect$$libshutdown$$0000000C)
    .ARM.Collect$$libshutdown$$0000000E      0x00000142   Section        0  libshutdown2.o(.ARM.Collect$$libshutdown$$0000000E)
    .ARM.Collect$$libshutdown$$00000011      0x00000142   Section        0  libshutdown2.o(.ARM.Collect$$libshutdown$$00000011)
    .ARM.Collect$$libshutdown$$00000012      0x00000142   Section        2  libshutdown2.o(.ARM.Collect$$libshutdown$$00000012)
    .ARM.Collect$$rtentry$$00000000          0x00000144   Section        0  __rtentry.o(.ARM.Collect$$rtentry$$00000000)
    .ARM.Collect$$rtentry$$00000002          0x00000144   Section        0  __rtentry2.o(.ARM.Collect$$rtentry$$00000002)
    .ARM.Collect$$rtentry$$00000004          0x00000144   Section        6  __rtentry4.o(.ARM.Collect$$rtentry$$00000004)
    .ARM.Collect$$rtentry$$00000009          0x0000014a   Section        0  __rtentry2.o(.ARM.Collect$$rtentry$$00000009)
    .ARM.Collect$$rtentry$$0000000A          0x0000014a   Section        4  __rtentry2.o(.ARM.Collect$$rtentry$$0000000A)
    .ARM.Collect$$rtentry$$0000000C          0x0000014e   Section        0  __rtentry2.o(.ARM.Collect$$rtentry$$0000000C)
    .ARM.Collect$$rtentry$$0000000D          0x0000014e   Section        8  __rtentry2.o(.ARM.Collect$$rtentry$$0000000D)
    .ARM.Collect$$rtexit$$00000000           0x00000156   Section        2  rtexit.o(.ARM.Collect$$rtexit$$00000000)
    .ARM.Collect$$rtexit$$00000002           0x00000158   Section        0  rtexit2.o(.ARM.Collect$$rtexit$$00000002)
    .ARM.Collect$$rtexit$$00000003           0x00000158   Section        4  rtexit2.o(.ARM.Collect$$rtexit$$00000003)
    .ARM.Collect$$rtexit$$00000004           0x0000015c   Section        6  rtexit2.o(.ARM.Collect$$rtexit$$00000004)
    .emb_text                                0x00000164   Section       56  rt_memcpy.o(.emb_text)
    .text                                    0x0000019c   Section       88  startup_cw32f030.o(.text)
    .text                                    0x000001f4   Section      346  aeabi_sdiv.o(.text)
    .text                                    0x0000034e   Section        0  heapauxi.o(.text)
    .text                                    0x00000354   Section       62  sys_stackheap_outer.o(.text)
    .text                                    0x00000392   Section        0  exit.o(.text)
    .text                                    0x000003a4   Section        8  libspace.o(.text)
    .text                                    0x000003ac   Section        0  sys_exit.o(.text)
    .text                                    0x000003b8   Section        2  use_no_semi.o(.text)
    .text                                    0x000003ba   Section        0  indicate_semi.o(.text)
    i.ADC_IRQHandler                         0x000003ba   Section        0  interrupts_cw32f030.o(i.ADC_IRQHandler)
    i.ATIM_IRQHandler                        0x000003bc   Section        0  interrupts_cw32f030.o(i.ATIM_IRQHandler)
    i.AWT_IRQHandler                         0x000003be   Section        0  interrupts_cw32f030.o(i.AWT_IRQHandler)
    i.BTIM1_IRQHandler                       0x000003c0   Section        0  interrupts_cw32f030.o(i.BTIM1_IRQHandler)
    i.BTIM2_IRQHandler                       0x000003c2   Section        0  interrupts_cw32f030.o(i.BTIM2_IRQHandler)
    i.BTIM3_IRQHandler                       0x000003c4   Section        0  interrupts_cw32f030.o(i.BTIM3_IRQHandler)
    i.DMACH1_IRQHandler                      0x000003c6   Section        0  interrupts_cw32f030.o(i.DMACH1_IRQHandler)
    i.DMACH23_IRQHandler                     0x000003c8   Section        0  interrupts_cw32f030.o(i.DMACH23_IRQHandler)
    i.DMACH45_IRQHandler                     0x000003ca   Section        0  interrupts_cw32f030.o(i.DMACH45_IRQHandler)
    i.FAULT_IRQHandler                       0x000003cc   Section        0  interrupts_cw32f030.o(i.FAULT_IRQHandler)
    i.FLASHRAM_IRQHandler                    0x000003ce   Section        0  interrupts_cw32f030.o(i.FLASHRAM_IRQHandler)
    i.FLASH_SetLatency                       0x000003d0   Section        0  cw32f030_flash.o(i.FLASH_SetLatency)
    i.GPIOA_IRQHandler                       0x000003f4   Section        0  interrupts_cw32f030.o(i.GPIOA_IRQHandler)
    i.GPIOB_IRQHandler                       0x000003f6   Section        0  interrupts_cw32f030.o(i.GPIOB_IRQHandler)
    i.GPIOC_IRQHandler                       0x000003f8   Section        0  interrupts_cw32f030.o(i.GPIOC_IRQHandler)
    i.GPIOF_IRQHandler                       0x000003fa   Section        0  interrupts_cw32f030.o(i.GPIOF_IRQHandler)
    i.GPIO_ConfigFilter                      0x000003fc   Section        0  cw32f030_gpio.o(i.GPIO_ConfigFilter)
    i.GPIO_Init                              0x00000404   Section        0  cw32f030_gpio.o(i.GPIO_Init)
    i.GTIM1_IRQHandler                       0x00000504   Section        0  interrupts_cw32f030.o(i.GTIM1_IRQHandler)
    i.GTIM2_IRQHandler                       0x00000506   Section        0  interrupts_cw32f030.o(i.GTIM2_IRQHandler)
    i.GTIM3_IRQHandler                       0x00000508   Section        0  interrupts_cw32f030.o(i.GTIM3_IRQHandler)
    i.GTIM4_IRQHandler                       0x0000050a   Section        0  interrupts_cw32f030.o(i.GTIM4_IRQHandler)
    i.HardFault_Handler                      0x0000050c   Section        0  interrupts_cw32f030.o(i.HardFault_Handler)
    i.I2C1_IRQHandler                        0x00000510   Section        0  interrupts_cw32f030.o(i.I2C1_IRQHandler)
    i.I2C2_IRQHandler                        0x00000512   Section        0  interrupts_cw32f030.o(i.I2C2_IRQHandler)
    i.LVD_IRQHandler                         0x00000514   Section        0  interrupts_cw32f030.o(i.LVD_IRQHandler)
    i.NMI_Handler                            0x00000516   Section        0  interrupts_cw32f030.o(i.NMI_Handler)
    i.PendSV_Handler                         0x00000518   Section        0  interrupts_cw32f030.o(i.PendSV_Handler)
    i.RCC_HCLKPRS_Config                     0x0000051c   Section        0  cw32f030_rcc.o(i.RCC_HCLKPRS_Config)
    i.RCC_HSI_Enable                         0x0000053c   Section        0  cw32f030_rcc.o(i.RCC_HSI_Enable)
    i.RCC_IRQHandler                         0x00000570   Section        0  interrupts_cw32f030.o(i.RCC_IRQHandler)
    i.RCC_PLL_Enable                         0x00000574   Section        0  cw32f030_rcc.o(i.RCC_PLL_Enable)
    i.RCC_SysClk_Switch                      0x00000628   Section        0  cw32f030_rcc.o(i.RCC_SysClk_Switch)
    i.RCC_Sysctrl_GetHClkFreq                0x00000668   Section        0  cw32f030_rcc.o(i.RCC_Sysctrl_GetHClkFreq)
    i.RCC_SystemCoreClockUpdate              0x00000740   Section        0  cw32f030_rcc.o(i.RCC_SystemCoreClockUpdate)
    i.RTC_IRQHandler                         0x0000074c   Section        0  interrupts_cw32f030.o(i.RTC_IRQHandler)
    i.SPI1_IRQHandler                        0x0000074e   Section        0  interrupts_cw32f030.o(i.SPI1_IRQHandler)
    i.SPI2_IRQHandler                        0x00000750   Section        0  interrupts_cw32f030.o(i.SPI2_IRQHandler)
    i.SVC_Handler                            0x00000752   Section        0  interrupts_cw32f030.o(i.SVC_Handler)
    i.SysTick_Handler                        0x00000754   Section        0  cw32f030_systick.o(i.SysTick_Handler)
    i.SystemCoreClockUpdate                  0x0000076c   Section        0  system_cw32f030.o(i.SystemCoreClockUpdate)
    i.SystemInit                             0x0000077c   Section        0  system_cw32f030.o(i.SystemInit)
    i.UART1_IRQHandler                       0x000007b8   Section        0  interrupts_cw32f030.o(i.UART1_IRQHandler)
    i.UART2_IRQHandler                       0x000007ba   Section        0  interrupts_cw32f030.o(i.UART2_IRQHandler)
    i.UART3_IRQHandler                       0x000007bc   Section        0  interrupts_cw32f030.o(i.UART3_IRQHandler)
    i.VC1_IRQHandler                         0x000007be   Section        0  interrupts_cw32f030.o(i.VC1_IRQHandler)
    i.VC2_IRQHandler                         0x000007c0   Section        0  interrupts_cw32f030.o(i.VC2_IRQHandler)
    i.WDT_IRQHandler                         0x000007c2   Section        0  interrupts_cw32f030.o(i.WDT_IRQHandler)
    i.__ARM_common_switch8                   0x000007c4   Section        0  cw32f030_i2c.o(i.__ARM_common_switch8)
    i.main                                   0x000007e0   Section        0  main.o(i.main)
    i.rccInitHSE                             0x000007f8   Section        0  rcc.o(i.rccInitHSE)
    i.switchClick                            0x0000083c   Section        0  switch.o(i.switchClick)
    i.switchInit                             0x000008cc   Section        0  switch.o(i.switchInit)
    .constdata                               0x00000934   Section      100  cw32f030_rcc.o(.constdata)
    .data                                    0x20000000   Section        9  cw32f030_systick.o(.data)
    .data                                    0x2000000c   Section        4  system_cw32f030.o(.data)
    .data                                    0x20000010   Section        1  main.o(.data)
    .data                                    0x20000011   Section        3  switch.o(.data)
    keyupstate                               0x20000011   Data           1  switch.o(.data)
    keymiddlestate                           0x20000012   Data           1  switch.o(.data)
    keydownstate                             0x20000013   Data           1  switch.o(.data)
    .bss                                     0x20000014   Section       96  libspace.o(.bss)
    HEAP                                     0x20000078   Section      512  startup_cw32f030.o(HEAP)
    Heap_Mem                                 0x20000078   Data         512  startup_cw32f030.o(HEAP)
    STACK                                    0x20000278   Section      512  startup_cw32f030.o(STACK)
    Stack_Mem                                0x20000278   Data         512  startup_cw32f030.o(STACK)
    __initial_sp                             0x20000478   Data           0  startup_cw32f030.o(STACK)

    Global Symbols

    Symbol Name                              Value     Ov Type        Size  Object(Section)

    BuildAttributes$$THM_ISAv3M$S$PE$A:L22$X:L11$S22$IEEE1$IW$USESV6$~STKCKD$USESV7$~SHL$OSPACE$ROPI$EBA8$UX$STANDARDLIB$REQ8$PRES8$EABIv2 0x00000000   Number         0  anon$$obj.o ABSOLUTE
    __ARM_use_no_argv                        0x00000000   Number         0  main.o ABSOLUTE
    __Vectors                                0x00000000   Data           0  startup_cw32f030.o(RESET)
    __ARM_exceptions_init                     - Undefined Weak Reference
    __alloca_initialize                       - Undefined Weak Reference
    __arm_fini_                               - Undefined Weak Reference
    __arm_preinit_                            - Undefined Weak Reference
    __cpp_initialize__aeabi_                  - Undefined Weak Reference
    __cxa_finalize                            - Undefined Weak Reference
    __rt_locale                               - Undefined Weak Reference
    __sigvec_lookup                           - Undefined Weak Reference
    _atexit_init                              - Undefined Weak Reference
    _call_atexit_fns                          - Undefined Weak Reference
    _clock_init                               - Undefined Weak Reference
    _fp_trap_init                             - Undefined Weak Reference
    _fp_trap_shutdown                         - Undefined Weak Reference
    _get_lc_collate                           - Undefined Weak Reference
    _get_lc_ctype                             - Undefined Weak Reference
    _get_lc_monetary                          - Undefined Weak Reference
    _get_lc_numeric                           - Undefined Weak Reference
    _get_lc_time                              - Undefined Weak Reference
    _getenv_init                              - Undefined Weak Reference
    _handle_redirection                       - Undefined Weak Reference
    _init_alloc                               - Undefined Weak Reference
    _init_user_alloc                          - Undefined Weak Reference
    _initio                                   - Undefined Weak Reference
    _rand_init                                - Undefined Weak Reference
    _signal_finish                            - Undefined Weak Reference
    _signal_init                              - Undefined Weak Reference
    _terminate_alloc                          - Undefined Weak Reference
    _terminate_user_alloc                     - Undefined Weak Reference
    _terminateio                              - Undefined Weak Reference
    __Vectors_End                            0x000000c0   Data           0  startup_cw32f030.o(RESET)
    __Vectors_Size                           0x000000c0   Number         0  startup_cw32f030.o ABSOLUTE
    __main                                   0x000000c1   Thumb Code     8  __main.o(!!!main)
    __scatterload                            0x000000c9   Thumb Code     0  __scatter.o(!!!scatter)
    __scatterload_rt2                        0x000000c9   Thumb Code    52  __scatter.o(!!!scatter)
    __scatterload_rt2_thumb_only             0x000000c9   Thumb Code     0  __scatter.o(!!!scatter)
    __scatterload_null                       0x000000d9   Thumb Code     0  __scatter.o(!!!scatter)
    __scatterload_copy                       0x00000105   Thumb Code    26  __scatter_copy.o(!!handler_copy)
    __scatterload_zeroinit                   0x00000121   Thumb Code    28  __scatter_zi.o(!!handler_zi)
    __rt_lib_init                            0x0000013d   Thumb Code     0  libinit.o(.ARM.Collect$$libinit$$00000000)
    __rt_lib_init_alloca_1                   0x0000013f   Thumb Code     0  libinit2.o(.ARM.Collect$$libinit$$0000002E)
    __rt_lib_init_argv_1                     0x0000013f   Thumb Code     0  libinit2.o(.ARM.Collect$$libinit$$0000002C)
    __rt_lib_init_atexit_1                   0x0000013f   Thumb Code     0  libinit2.o(.ARM.Collect$$libinit$$0000001B)
    __rt_lib_init_clock_1                    0x0000013f   Thumb Code     0  libinit2.o(.ARM.Collect$$libinit$$00000021)
    __rt_lib_init_cpp_1                      0x0000013f   Thumb Code     0  libinit2.o(.ARM.Collect$$libinit$$00000032)
    __rt_lib_init_exceptions_1               0x0000013f   Thumb Code     0  libinit2.o(.ARM.Collect$$libinit$$00000030)
    __rt_lib_init_fp_1                       0x0000013f   Thumb Code     0  libinit2.o(.ARM.Collect$$libinit$$00000002)
    __rt_lib_init_fp_trap_1                  0x0000013f   Thumb Code     0  libinit2.o(.ARM.Collect$$libinit$$0000001F)
    __rt_lib_init_getenv_1                   0x0000013f   Thumb Code     0  libinit2.o(.ARM.Collect$$libinit$$00000023)
    __rt_lib_init_heap_1                     0x0000013f   Thumb Code     0  libinit2.o(.ARM.Collect$$libinit$$0000000A)
    __rt_lib_init_lc_collate_1               0x0000013f   Thumb Code     0  libinit2.o(.ARM.Collect$$libinit$$00000011)
    __rt_lib_init_lc_ctype_1                 0x0000013f   Thumb Code     0  libinit2.o(.ARM.Collect$$libinit$$00000013)
    __rt_lib_init_lc_monetary_1              0x0000013f   Thumb Code     0  libinit2.o(.ARM.Collect$$libinit$$00000015)
    __rt_lib_init_lc_numeric_1               0x0000013f   Thumb Code     0  libinit2.o(.ARM.Collect$$libinit$$00000017)
    __rt_lib_init_lc_time_1                  0x0000013f   Thumb Code     0  libinit2.o(.ARM.Collect$$libinit$$00000019)
    __rt_lib_init_preinit_1                  0x0000013f   Thumb Code     0  libinit2.o(.ARM.Collect$$libinit$$00000004)
    __rt_lib_init_rand_1                     0x0000013f   Thumb Code     0  libinit2.o(.ARM.Collect$$libinit$$0000000E)
    __rt_lib_init_return                     0x0000013f   Thumb Code     0  libinit2.o(.ARM.Collect$$libinit$$00000033)
    __rt_lib_init_signal_1                   0x0000013f   Thumb Code     0  libinit2.o(.ARM.Collect$$libinit$$0000001D)
    __rt_lib_init_stdio_1                    0x0000013f   Thumb Code     0  libinit2.o(.ARM.Collect$$libinit$$00000025)
    __rt_lib_init_user_alloc_1               0x0000013f   Thumb Code     0  libinit2.o(.ARM.Collect$$libinit$$0000000C)
    __rt_lib_shutdown                        0x00000141   Thumb Code     0  libshutdown.o(.ARM.Collect$$libshutdown$$00000000)
    __rt_lib_shutdown_cpp_1                  0x00000143   Thumb Code     0  libshutdown2.o(.ARM.Collect$$libshutdown$$00000004)
    __rt_lib_shutdown_fini_1                 0x00000143   Thumb Code     0  libshutdown2.o(.ARM.Collect$$libshutdown$$00000002)
    __rt_lib_shutdown_fp_trap_1              0x00000143   Thumb Code     0  libshutdown2.o(.ARM.Collect$$libshutdown$$00000009)
    __rt_lib_shutdown_heap_1                 0x00000143   Thumb Code     0  libshutdown2.o(.ARM.Collect$$libshutdown$$00000011)
    __rt_lib_shutdown_return                 0x00000143   Thumb Code     0  libshutdown2.o(.ARM.Collect$$libshutdown$$00000012)
    __rt_lib_shutdown_signal_1               0x00000143   Thumb Code     0  libshutdown2.o(.ARM.Collect$$libshutdown$$0000000C)
    __rt_lib_shutdown_stdio_1                0x00000143   Thumb Code     0  libshutdown2.o(.ARM.Collect$$libshutdown$$00000006)
    __rt_lib_shutdown_user_alloc_1           0x00000143   Thumb Code     0  libshutdown2.o(.ARM.Collect$$libshutdown$$0000000E)
    __rt_entry                               0x00000145   Thumb Code     0  __rtentry.o(.ARM.Collect$$rtentry$$00000000)
    __rt_entry_presh_1                       0x00000145   Thumb Code     0  __rtentry2.o(.ARM.Collect$$rtentry$$00000002)
    __rt_entry_sh                            0x00000145   Thumb Code     0  __rtentry4.o(.ARM.Collect$$rtentry$$00000004)
    __rt_entry_li                            0x0000014b   Thumb Code     0  __rtentry2.o(.ARM.Collect$$rtentry$$0000000A)
    __rt_entry_postsh_1                      0x0000014b   Thumb Code     0  __rtentry2.o(.ARM.Collect$$rtentry$$00000009)
    __rt_entry_main                          0x0000014f   Thumb Code     0  __rtentry2.o(.ARM.Collect$$rtentry$$0000000D)
    __rt_entry_postli_1                      0x0000014f   Thumb Code     0  __rtentry2.o(.ARM.Collect$$rtentry$$0000000C)
    __rt_exit                                0x00000157   Thumb Code     0  rtexit.o(.ARM.Collect$$rtexit$$00000000)
    __rt_exit_ls                             0x00000159   Thumb Code     0  rtexit2.o(.ARM.Collect$$rtexit$$00000003)
    __rt_exit_prels_1                        0x00000159   Thumb Code     0  rtexit2.o(.ARM.Collect$$rtexit$$00000002)
    __rt_exit_exit                           0x0000015d   Thumb Code     0  rtexit2.o(.ARM.Collect$$rtexit$$00000004)
    __aeabi_memcpy4                          0x00000165   Thumb Code    56  rt_memcpy.o(.emb_text)
    __aeabi_memcpy8                          0x00000165   Thumb Code     0  rt_memcpy.o(.emb_text)
    Reset_Handler                            0x0000019d   Thumb Code    26  startup_cw32f030.o(.text)
    __user_initial_stackheap                 0x000001c5   Thumb Code     0  startup_cw32f030.o(.text)
    __aeabi_uidiv                            0x000001f5   Thumb Code     0  aeabi_sdiv.o(.text)
    __aeabi_uidivmod                         0x000001f5   Thumb Code    20  aeabi_sdiv.o(.text)
    __aeabi_idiv                             0x00000209   Thumb Code     0  aeabi_sdiv.o(.text)
    __aeabi_idivmod                          0x00000209   Thumb Code   326  aeabi_sdiv.o(.text)
    __use_two_region_memory                  0x0000034f   Thumb Code     2  heapauxi.o(.text)
    __rt_heap_escrow$2region                 0x00000351   Thumb Code     2  heapauxi.o(.text)
    __rt_heap_expand$2region                 0x00000353   Thumb Code     2  heapauxi.o(.text)
    __user_setup_stackheap                   0x00000355   Thumb Code    62  sys_stackheap_outer.o(.text)
    exit                                     0x00000393   Thumb Code    16  exit.o(.text)
    __user_libspace                          0x000003a5   Thumb Code     8  libspace.o(.text)
    __user_perproc_libspace                  0x000003a5   Thumb Code     0  libspace.o(.text)
    __user_perthread_libspace                0x000003a5   Thumb Code     0  libspace.o(.text)
    _sys_exit                                0x000003ad   Thumb Code     8  sys_exit.o(.text)
    __I$use$semihosting                      0x000003b9   Thumb Code     0  use_no_semi.o(.text)
    __use_no_semihosting_swi                 0x000003b9   Thumb Code     2  use_no_semi.o(.text)
    ADC_IRQHandler                           0x000003bb   Thumb Code     2  interrupts_cw32f030.o(i.ADC_IRQHandler)
    __semihosting_library_function           0x000003bb   Thumb Code     0  indicate_semi.o(.text)
    ATIM_IRQHandler                          0x000003bd   Thumb Code     2  interrupts_cw32f030.o(i.ATIM_IRQHandler)
    AWT_IRQHandler                           0x000003bf   Thumb Code     2  interrupts_cw32f030.o(i.AWT_IRQHandler)
    BTIM1_IRQHandler                         0x000003c1   Thumb Code     2  interrupts_cw32f030.o(i.BTIM1_IRQHandler)
    BTIM2_IRQHandler                         0x000003c3   Thumb Code     2  interrupts_cw32f030.o(i.BTIM2_IRQHandler)
    BTIM3_IRQHandler                         0x000003c5   Thumb Code     2  interrupts_cw32f030.o(i.BTIM3_IRQHandler)
    DMACH1_IRQHandler                        0x000003c7   Thumb Code     2  interrupts_cw32f030.o(i.DMACH1_IRQHandler)
    DMACH23_IRQHandler                       0x000003c9   Thumb Code     2  interrupts_cw32f030.o(i.DMACH23_IRQHandler)
    DMACH45_IRQHandler                       0x000003cb   Thumb Code     2  interrupts_cw32f030.o(i.DMACH45_IRQHandler)
    FAULT_IRQHandler                         0x000003cd   Thumb Code     2  interrupts_cw32f030.o(i.FAULT_IRQHandler)
    FLASHRAM_IRQHandler                      0x000003cf   Thumb Code     2  interrupts_cw32f030.o(i.FLASHRAM_IRQHandler)
    FLASH_SetLatency                         0x000003d1   Thumb Code    28  cw32f030_flash.o(i.FLASH_SetLatency)
    GPIOA_IRQHandler                         0x000003f5   Thumb Code     2  interrupts_cw32f030.o(i.GPIOA_IRQHandler)
    GPIOB_IRQHandler                         0x000003f7   Thumb Code     2  interrupts_cw32f030.o(i.GPIOB_IRQHandler)
    GPIOC_IRQHandler                         0x000003f9   Thumb Code     2  interrupts_cw32f030.o(i.GPIOC_IRQHandler)
    GPIOF_IRQHandler                         0x000003fb   Thumb Code     2  interrupts_cw32f030.o(i.GPIOF_IRQHandler)
    GPIO_ConfigFilter                        0x000003fd   Thumb Code     8  cw32f030_gpio.o(i.GPIO_ConfigFilter)
    GPIO_Init                                0x00000405   Thumb Code   252  cw32f030_gpio.o(i.GPIO_Init)
    GTIM1_IRQHandler                         0x00000505   Thumb Code     2  interrupts_cw32f030.o(i.GTIM1_IRQHandler)
    GTIM2_IRQHandler                         0x00000507   Thumb Code     2  interrupts_cw32f030.o(i.GTIM2_IRQHandler)
    GTIM3_IRQHandler                         0x00000509   Thumb Code     2  interrupts_cw32f030.o(i.GTIM3_IRQHandler)
    GTIM4_IRQHandler                         0x0000050b   Thumb Code     2  interrupts_cw32f030.o(i.GTIM4_IRQHandler)
    HardFault_Handler                        0x0000050d   Thumb Code     4  interrupts_cw32f030.o(i.HardFault_Handler)
    I2C1_IRQHandler                          0x00000511   Thumb Code     2  interrupts_cw32f030.o(i.I2C1_IRQHandler)
    I2C2_IRQHandler                          0x00000513   Thumb Code     2  interrupts_cw32f030.o(i.I2C2_IRQHandler)
    LVD_IRQHandler                           0x00000515   Thumb Code     2  interrupts_cw32f030.o(i.LVD_IRQHandler)
    NMI_Handler                              0x00000517   Thumb Code     2  interrupts_cw32f030.o(i.NMI_Handler)
    PendSV_Handler                           0x00000519   Thumb Code     2  interrupts_cw32f030.o(i.PendSV_Handler)
    RCC_HCLKPRS_Config                       0x0000051d   Thumb Code    20  cw32f030_rcc.o(i.RCC_HCLKPRS_Config)
    RCC_HSI_Enable                           0x0000053d   Thumb Code    44  cw32f030_rcc.o(i.RCC_HSI_Enable)
    RCC_IRQHandler                           0x00000571   Thumb Code     2  interrupts_cw32f030.o(i.RCC_IRQHandler)
    RCC_PLL_Enable                           0x00000575   Thumb Code   168  cw32f030_rcc.o(i.RCC_PLL_Enable)
    RCC_SysClk_Switch                        0x00000629   Thumb Code    54  cw32f030_rcc.o(i.RCC_SysClk_Switch)
    RCC_Sysctrl_GetHClkFreq                  0x00000669   Thumb Code   194  cw32f030_rcc.o(i.RCC_Sysctrl_GetHClkFreq)
    RCC_SystemCoreClockUpdate                0x00000741   Thumb Code     6  cw32f030_rcc.o(i.RCC_SystemCoreClockUpdate)
    RTC_IRQHandler                           0x0000074d   Thumb Code     2  interrupts_cw32f030.o(i.RTC_IRQHandler)
    SPI1_IRQHandler                          0x0000074f   Thumb Code     2  interrupts_cw32f030.o(i.SPI1_IRQHandler)
    SPI2_IRQHandler                          0x00000751   Thumb Code     2  interrupts_cw32f030.o(i.SPI2_IRQHandler)
    SVC_Handler                              0x00000753   Thumb Code     2  interrupts_cw32f030.o(i.SVC_Handler)
    SysTick_Handler                          0x00000755   Thumb Code    16  cw32f030_systick.o(i.SysTick_Handler)
    SystemCoreClockUpdate                    0x0000076d   Thumb Code     8  system_cw32f030.o(i.SystemCoreClockUpdate)
    SystemInit                               0x0000077d   Thumb Code    54  system_cw32f030.o(i.SystemInit)
    UART1_IRQHandler                         0x000007b9   Thumb Code     2  interrupts_cw32f030.o(i.UART1_IRQHandler)
    UART2_IRQHandler                         0x000007bb   Thumb Code     2  interrupts_cw32f030.o(i.UART2_IRQHandler)
    UART3_IRQHandler                         0x000007bd   Thumb Code     2  interrupts_cw32f030.o(i.UART3_IRQHandler)
    VC1_IRQHandler                           0x000007bf   Thumb Code     2  interrupts_cw32f030.o(i.VC1_IRQHandler)
    VC2_IRQHandler                           0x000007c1   Thumb Code     2  interrupts_cw32f030.o(i.VC2_IRQHandler)
    WDT_IRQHandler                           0x000007c3   Thumb Code     2  interrupts_cw32f030.o(i.WDT_IRQHandler)
    __ARM_common_switch8                     0x000007c5   Thumb Code    28  cw32f030_i2c.o(i.__ARM_common_switch8)
    main                                     0x000007e1   Thumb Code    20  main.o(i.main)
    rccInitHSE                               0x000007f9   Thumb Code    56  rcc.o(i.rccInitHSE)
    switchClick                              0x0000083d   Thumb Code   126  switch.o(i.switchClick)
    switchInit                               0x000008cd   Thumb Code    88  switch.o(i.switchInit)
    hsiprs_tbl                               0x00000934   Data          64  cw32f030_rcc.o(.constdata)
    Region$$Table$$Base                      0x00000998   Number         0  anon$$obj.o(Region$$Table)
    Region$$Table$$Limit                     0x000009b8   Number         0  anon$$obj.o(Region$$Table)
    uwTick                                   0x20000000   Data           4  cw32f030_systick.o(.data)
    uwTickPrio                               0x20000004   Data           4  cw32f030_systick.o(.data)
    uwTickFreq                               0x20000008   Data           1  cw32f030_systick.o(.data)
    SystemCoreClock                          0x2000000c   Data           4  system_cw32f030.o(.data)
    switchstatus                             0x20000010   Data           1  main.o(.data)
    __libspace_start                         0x20000014   Data          96  libspace.o(.bss)
    __temporary_stack_top$libspace           0x20000074   Data           0  libspace.o(.bss)



==============================================================================

Memory Map of the image

  Image Entry point : 0x000000c1

  Load Region LR_IROM1 (Base: 0x00000000, Size: 0x000009cc, Max: 0x00010000, ABSOLUTE)

    Execution Region ER_IROM1 (Exec base: 0x00000000, Load base: 0x00000000, Size: 0x000009b8, Max: 0x00010000, ABSOLUTE)

    Exec Addr    Load Addr    Size         Type   Attr      Idx    E Section Name        Object

    0x00000000   0x00000000   0x000000c0   Data   RO         2925    RESET               startup_cw32f030.o
    0x000000c0   0x000000c0   0x00000008   Code   RO         3573  * !!!main             c_p.l(__main.o)
    0x000000c8   0x000000c8   0x0000003c   Code   RO         3772    !!!scatter          c_p.l(__scatter.o)
    0x00000104   0x00000104   0x0000001a   Code   RO         3774    !!handler_copy      c_p.l(__scatter_copy.o)
    0x0000011e   0x0000011e   0x00000002   PAD
    0x00000120   0x00000120   0x0000001c   Code   RO         3776    !!handler_zi        c_p.l(__scatter_zi.o)
    0x0000013c   0x0000013c   0x00000002   Code   RO         3639    .ARM.Collect$$libinit$$00000000  c_p.l(libinit.o)
    0x0000013e   0x0000013e   0x00000000   Code   RO         3653    .ARM.Collect$$libinit$$00000002  c_p.l(libinit2.o)
    0x0000013e   0x0000013e   0x00000000   Code   RO         3655    .ARM.Collect$$libinit$$00000004  c_p.l(libinit2.o)
    0x0000013e   0x0000013e   0x00000000   Code   RO         3658    .ARM.Collect$$libinit$$0000000A  c_p.l(libinit2.o)
    0x0000013e   0x0000013e   0x00000000   Code   RO         3660    .ARM.Collect$$libinit$$0000000C  c_p.l(libinit2.o)
    0x0000013e   0x0000013e   0x00000000   Code   RO         3662    .ARM.Collect$$libinit$$0000000E  c_p.l(libinit2.o)
    0x0000013e   0x0000013e   0x00000000   Code   RO         3665    .ARM.Collect$$libinit$$00000011  c_p.l(libinit2.o)
    0x0000013e   0x0000013e   0x00000000   Code   RO         3667    .ARM.Collect$$libinit$$00000013  c_p.l(libinit2.o)
    0x0000013e   0x0000013e   0x00000000   Code   RO         3669    .ARM.Collect$$libinit$$00000015  c_p.l(libinit2.o)
    0x0000013e   0x0000013e   0x00000000   Code   RO         3671    .ARM.Collect$$libinit$$00000017  c_p.l(libinit2.o)
    0x0000013e   0x0000013e   0x00000000   Code   RO         3673    .ARM.Collect$$libinit$$00000019  c_p.l(libinit2.o)
    0x0000013e   0x0000013e   0x00000000   Code   RO         3675    .ARM.Collect$$libinit$$0000001B  c_p.l(libinit2.o)
    0x0000013e   0x0000013e   0x00000000   Code   RO         3677    .ARM.Collect$$libinit$$0000001D  c_p.l(libinit2.o)
    0x0000013e   0x0000013e   0x00000000   Code   RO         3679    .ARM.Collect$$libinit$$0000001F  c_p.l(libinit2.o)
    0x0000013e   0x0000013e   0x00000000   Code   RO         3681    .ARM.Collect$$libinit$$00000021  c_p.l(libinit2.o)
    0x0000013e   0x0000013e   0x00000000   Code   RO         3683    .ARM.Collect$$libinit$$00000023  c_p.l(libinit2.o)
    0x0000013e   0x0000013e   0x00000000   Code   RO         3685    .ARM.Collect$$libinit$$00000025  c_p.l(libinit2.o)
    0x0000013e   0x0000013e   0x00000000   Code   RO         3689    .ARM.Collect$$libinit$$0000002C  c_p.l(libinit2.o)
    0x0000013e   0x0000013e   0x00000000   Code   RO         3691    .ARM.Collect$$libinit$$0000002E  c_p.l(libinit2.o)
    0x0000013e   0x0000013e   0x00000000   Code   RO         3693    .ARM.Collect$$libinit$$00000030  c_p.l(libinit2.o)
    0x0000013e   0x0000013e   0x00000000   Code   RO         3695    .ARM.Collect$$libinit$$00000032  c_p.l(libinit2.o)
    0x0000013e   0x0000013e   0x00000002   Code   RO         3696    .ARM.Collect$$libinit$$00000033  c_p.l(libinit2.o)
    0x00000140   0x00000140   0x00000002   Code   RO         3727    .ARM.Collect$$libshutdown$$00000000  c_p.l(libshutdown.o)
    0x00000142   0x00000142   0x00000000   Code   RO         3753    .ARM.Collect$$libshutdown$$00000002  c_p.l(libshutdown2.o)
    0x00000142   0x00000142   0x00000000   Code   RO         3755    .ARM.Collect$$libshutdown$$00000004  c_p.l(libshutdown2.o)
    0x00000142   0x00000142   0x00000000   Code   RO         3757    .ARM.Collect$$libshutdown$$00000006  c_p.l(libshutdown2.o)
    0x00000142   0x00000142   0x00000000   Code   RO         3760    .ARM.Collect$$libshutdown$$00000009  c_p.l(libshutdown2.o)
    0x00000142   0x00000142   0x00000000   Code   RO         3763    .ARM.Collect$$libshutdown$$0000000C  c_p.l(libshutdown2.o)
    0x00000142   0x00000142   0x00000000   Code   RO         3765    .ARM.Collect$$libshutdown$$0000000E  c_p.l(libshutdown2.o)
    0x00000142   0x00000142   0x00000000   Code   RO         3768    .ARM.Collect$$libshutdown$$00000011  c_p.l(libshutdown2.o)
    0x00000142   0x00000142   0x00000002   Code   RO         3769    .ARM.Collect$$libshutdown$$00000012  c_p.l(libshutdown2.o)
    0x00000144   0x00000144   0x00000000   Code   RO         3596    .ARM.Collect$$rtentry$$00000000  c_p.l(__rtentry.o)
    0x00000144   0x00000144   0x00000000   Code   RO         3605    .ARM.Collect$$rtentry$$00000002  c_p.l(__rtentry2.o)
    0x00000144   0x00000144   0x00000006   Code   RO         3617    .ARM.Collect$$rtentry$$00000004  c_p.l(__rtentry4.o)
    0x0000014a   0x0000014a   0x00000000   Code   RO         3607    .ARM.Collect$$rtentry$$00000009  c_p.l(__rtentry2.o)
    0x0000014a   0x0000014a   0x00000004   Code   RO         3608    .ARM.Collect$$rtentry$$0000000A  c_p.l(__rtentry2.o)
    0x0000014e   0x0000014e   0x00000000   Code   RO         3610    .ARM.Collect$$rtentry$$0000000C  c_p.l(__rtentry2.o)
    0x0000014e   0x0000014e   0x00000008   Code   RO         3611    .ARM.Collect$$rtentry$$0000000D  c_p.l(__rtentry2.o)
    0x00000156   0x00000156   0x00000002   Code   RO         3644    .ARM.Collect$$rtexit$$00000000  c_p.l(rtexit.o)
    0x00000158   0x00000158   0x00000000   Code   RO         3700    .ARM.Collect$$rtexit$$00000002  c_p.l(rtexit2.o)
    0x00000158   0x00000158   0x00000004   Code   RO         3701    .ARM.Collect$$rtexit$$00000003  c_p.l(rtexit2.o)
    0x0000015c   0x0000015c   0x00000006   Code   RO         3702    .ARM.Collect$$rtexit$$00000004  c_p.l(rtexit2.o)
    0x00000162   0x00000162   0x00000002   PAD
    0x00000164   0x00000164   0x00000038   Code   RO         3563    .emb_text           c_p.l(rt_memcpy.o)
    0x0000019c   0x0000019c   0x00000058   Code   RO         2926    .text               startup_cw32f030.o
    0x000001f4   0x000001f4   0x0000015a   Code   RO         3567    .text               c_p.l(aeabi_sdiv.o)
    0x0000034e   0x0000034e   0x00000006   Code   RO         3571    .text               c_p.l(heapauxi.o)
    0x00000354   0x00000354   0x0000003e   Code   RO         3625    .text               c_p.l(sys_stackheap_outer.o)
    0x00000392   0x00000392   0x00000010   Code   RO         3628    .text               c_p.l(exit.o)
    0x000003a2   0x000003a2   0x00000002   PAD
    0x000003a4   0x000003a4   0x00000008   Code   RO         3640    .text               c_p.l(libspace.o)
    0x000003ac   0x000003ac   0x0000000c   Code   RO         3697    .text               c_p.l(sys_exit.o)
    0x000003b8   0x000003b8   0x00000002   Code   RO         3716    .text               c_p.l(use_no_semi.o)
    0x000003ba   0x000003ba   0x00000000   Code   RO         3718    .text               c_p.l(indicate_semi.o)
    0x000003ba   0x000003ba   0x00000002   Code   RO         2320    i.ADC_IRQHandler    interrupts_cw32f030.o
    0x000003bc   0x000003bc   0x00000002   Code   RO         2321    i.ATIM_IRQHandler   interrupts_cw32f030.o
    0x000003be   0x000003be   0x00000002   Code   RO         2322    i.AWT_IRQHandler    interrupts_cw32f030.o
    0x000003c0   0x000003c0   0x00000002   Code   RO         2323    i.BTIM1_IRQHandler  interrupts_cw32f030.o
    0x000003c2   0x000003c2   0x00000002   Code   RO         2324    i.BTIM2_IRQHandler  interrupts_cw32f030.o
    0x000003c4   0x000003c4   0x00000002   Code   RO         2325    i.BTIM3_IRQHandler  interrupts_cw32f030.o
    0x000003c6   0x000003c6   0x00000002   Code   RO         2326    i.DMACH1_IRQHandler  interrupts_cw32f030.o
    0x000003c8   0x000003c8   0x00000002   Code   RO         2327    i.DMACH23_IRQHandler  interrupts_cw32f030.o
    0x000003ca   0x000003ca   0x00000002   Code   RO         2328    i.DMACH45_IRQHandler  interrupts_cw32f030.o
    0x000003cc   0x000003cc   0x00000002   Code   RO         2329    i.FAULT_IRQHandler  interrupts_cw32f030.o
    0x000003ce   0x000003ce   0x00000002   Code   RO         2330    i.FLASHRAM_IRQHandler  interrupts_cw32f030.o
    0x000003d0   0x000003d0   0x00000024   Code   RO         1107    i.FLASH_SetLatency  cw32f030_flash.o
    0x000003f4   0x000003f4   0x00000002   Code   RO         2331    i.GPIOA_IRQHandler  interrupts_cw32f030.o
    0x000003f6   0x000003f6   0x00000002   Code   RO         2332    i.GPIOB_IRQHandler  interrupts_cw32f030.o
    0x000003f8   0x000003f8   0x00000002   Code   RO         2333    i.GPIOC_IRQHandler  interrupts_cw32f030.o
    0x000003fa   0x000003fa   0x00000002   Code   RO         2334    i.GPIOF_IRQHandler  interrupts_cw32f030.o
    0x000003fc   0x000003fc   0x00000008   Code   RO         1230    i.GPIO_ConfigFilter  cw32f030_gpio.o
    0x00000404   0x00000404   0x00000100   Code   RO         1234    i.GPIO_Init         cw32f030_gpio.o
    0x00000504   0x00000504   0x00000002   Code   RO         2335    i.GTIM1_IRQHandler  interrupts_cw32f030.o
    0x00000506   0x00000506   0x00000002   Code   RO         2336    i.GTIM2_IRQHandler  interrupts_cw32f030.o
    0x00000508   0x00000508   0x00000002   Code   RO         2337    i.GTIM3_IRQHandler  interrupts_cw32f030.o
    0x0000050a   0x0000050a   0x00000002   Code   RO         2338    i.GTIM4_IRQHandler  interrupts_cw32f030.o
    0x0000050c   0x0000050c   0x00000004   Code   RO         2339    i.HardFault_Handler  interrupts_cw32f030.o
    0x00000510   0x00000510   0x00000002   Code   RO         2340    i.I2C1_IRQHandler   interrupts_cw32f030.o
    0x00000512   0x00000512   0x00000002   Code   RO         2341    i.I2C2_IRQHandler   interrupts_cw32f030.o
    0x00000514   0x00000514   0x00000002   Code   RO         2342    i.LVD_IRQHandler    interrupts_cw32f030.o
    0x00000516   0x00000516   0x00000002   Code   RO         2343    i.NMI_Handler       interrupts_cw32f030.o
    0x00000518   0x00000518   0x00000002   Code   RO         2344    i.PendSV_Handler    interrupts_cw32f030.o
    0x0000051a   0x0000051a   0x00000002   PAD
    0x0000051c   0x0000051c   0x00000020   Code   RO         2008    i.RCC_HCLKPRS_Config  cw32f030_rcc.o
    0x0000053c   0x0000053c   0x00000034   Code   RO         2014    i.RCC_HSI_Enable    cw32f030_rcc.o
    0x00000570   0x00000570   0x00000002   Code   RO         2345    i.RCC_IRQHandler    interrupts_cw32f030.o
    0x00000572   0x00000572   0x00000002   PAD
    0x00000574   0x00000574   0x000000b4   Code   RO         2029    i.RCC_PLL_Enable    cw32f030_rcc.o
    0x00000628   0x00000628   0x00000040   Code   RO         2033    i.RCC_SysClk_Switch  cw32f030_rcc.o
    0x00000668   0x00000668   0x000000d8   Code   RO         2034    i.RCC_Sysctrl_GetHClkFreq  cw32f030_rcc.o
    0x00000740   0x00000740   0x0000000c   Code   RO         2036    i.RCC_SystemCoreClockUpdate  cw32f030_rcc.o
    0x0000074c   0x0000074c   0x00000002   Code   RO         2346    i.RTC_IRQHandler    interrupts_cw32f030.o
    0x0000074e   0x0000074e   0x00000002   Code   RO         2347    i.SPI1_IRQHandler   interrupts_cw32f030.o
    0x00000750   0x00000750   0x00000002   Code   RO         2348    i.SPI2_IRQHandler   interrupts_cw32f030.o
    0x00000752   0x00000752   0x00000002   Code   RO         2349    i.SVC_Handler       interrupts_cw32f030.o
    0x00000754   0x00000754   0x00000018   Code   RO         2866    i.SysTick_Handler   cw32f030_systick.o
    0x0000076c   0x0000076c   0x00000010   Code   RO         3415    i.SystemCoreClockUpdate  system_cw32f030.o
    0x0000077c   0x0000077c   0x0000003c   Code   RO         3416    i.SystemInit        system_cw32f030.o
    0x000007b8   0x000007b8   0x00000002   Code   RO         2350    i.UART1_IRQHandler  interrupts_cw32f030.o
    0x000007ba   0x000007ba   0x00000002   Code   RO         2351    i.UART2_IRQHandler  interrupts_cw32f030.o
    0x000007bc   0x000007bc   0x00000002   Code   RO         2352    i.UART3_IRQHandler  interrupts_cw32f030.o
    0x000007be   0x000007be   0x00000002   Code   RO         2353    i.VC1_IRQHandler    interrupts_cw32f030.o
    0x000007c0   0x000007c0   0x00000002   Code   RO         2354    i.VC2_IRQHandler    interrupts_cw32f030.o
    0x000007c2   0x000007c2   0x00000002   Code   RO         2355    i.WDT_IRQHandler    interrupts_cw32f030.o
    0x000007c4   0x000007c4   0x0000001c   Code   RO         1693    i.__ARM_common_switch8  cw32f030_i2c.o
    0x000007e0   0x000007e0   0x00000018   Code   RO         3469    i.main              main.o
    0x000007f8   0x000007f8   0x00000044   Code   RO         3492    i.rccInitHSE        rcc.o
    0x0000083c   0x0000083c   0x00000090   Code   RO         3519    i.switchClick       switch.o
    0x000008cc   0x000008cc   0x00000068   Code   RO         3520    i.switchInit        switch.o
    0x00000934   0x00000934   0x00000064   Data   RO         2038    .constdata          cw32f030_rcc.o
    0x00000998   0x00000998   0x00000020   Data   RO         3770    Region$$Table       anon$$obj.o


    Execution Region RW_IRAM1 (Exec base: 0x20000000, Load base: 0x000009b8, Size: 0x00000478, Max: 0x00002000, ABSOLUTE)

    Exec Addr    Load Addr    Size         Type   Attr      Idx    E Section Name        Object

    0x20000000   0x000009b8   0x00000009   Data   RW         2868    .data               cw32f030_systick.o
    0x20000009   0x000009c1   0x00000003   PAD
    0x2000000c   0x000009c4   0x00000004   Data   RW         3419    .data               system_cw32f030.o
    0x20000010   0x000009c8   0x00000001   Data   RW         3470    .data               main.o
    0x20000011   0x000009c9   0x00000003   Data   RW         3521    .data               switch.o
    0x20000014        -       0x00000060   Zero   RW         3641    .bss                c_p.l(libspace.o)
    0x20000074   0x000009cc   0x00000004   PAD
    0x20000078        -       0x00000200   Zero   RW         2924    HEAP                startup_cw32f030.o
    0x20000278        -       0x00000200   Zero   RW         2923    STACK               startup_cw32f030.o


==============================================================================

Image component sizes


      Code (inc. data)   RO Data    RW Data    ZI Data      Debug   Object Name

         0          0          0          0          0     133172   cw32f030_adc.o
        36          8          0          0          0        503   cw32f030_flash.o
       264          4          0          0          0      49820   cw32f030_gpio.o
        28          0          0          0          0         76   cw32f030_i2c.o
       556         78        100          0          0       4114   cw32f030_rcc.o
        24          8          0          9          0       1633   cw32f030_systick.o
        74          0          0          0          0      15420   interrupts_cw32f030.o
        24          4          0          1          0        638   main.o
        68         12          0          0          0        437   rcc.o
        88         40        192          0       1024        612   startup_cw32f030.o
       248         34          0          3          0       9267   switch.o
        76         14          0          4          0       1119   system_cw32f030.o

    ----------------------------------------------------------------------
      1490        202        324         20       1024     216811   Object Totals
         0          0         32          0          0          0   (incl. Generated)
         4          0          0          3          0          0   (incl. Padding)

    ----------------------------------------------------------------------

      Code (inc. data)   RO Data    RW Data    ZI Data      Debug   Library Member Name

         8          0          0          0          0         68   __main.o
         0          0          0          0          0          0   __rtentry.o
        12          0          0          0          0          0   __rtentry2.o
         6          0          0          0          0          0   __rtentry4.o
        60          8          0          0          0          0   __scatter.o
        26          0          0          0          0          0   __scatter_copy.o
        28          0          0          0          0          0   __scatter_zi.o
       346          0          0          0          0         92   aeabi_sdiv.o
        16          0          0          0          0         68   exit.o
         6          0          0          0          0        136   heapauxi.o
         0          0          0          0          0          0   indicate_semi.o
         2          0          0          0          0          0   libinit.o
         2          0          0          0          0          0   libinit2.o
         2          0          0          0          0          0   libshutdown.o
         2          0          0          0          0          0   libshutdown2.o
         8          4          0          0         96         68   libspace.o
        56          0          0          0          0         68   rt_memcpy.o
         2          0          0          0          0          0   rtexit.o
        10          0          0          0          0          0   rtexit2.o
        12          4          0          0          0         60   sys_exit.o
        62          0          0          0          0         80   sys_stackheap_outer.o
         2          0          0          0          0         68   use_no_semi.o

    ----------------------------------------------------------------------
       674         16          0          0        100        708   Library Totals
         6          0          0          0          4          0   (incl. Padding)

    ----------------------------------------------------------------------

      Code (inc. data)   RO Data    RW Data    ZI Data      Debug   Library Name

       668         16          0          0         96        708   c_p.l

    ----------------------------------------------------------------------
       674         16          0          0        100        708   Library Totals

    ----------------------------------------------------------------------

==============================================================================


      Code (inc. data)   RO Data    RW Data    ZI Data      Debug   

      2164        218        324         20       1124     215123   Grand Totals
      2164        218        324         20       1124     215123   ELF Image Totals
      2164        218        324         20          0          0   ROM Totals

==============================================================================

    Total RO  Size (Code + RO Data)                 2488 (   2.43kB)
    Total RW  Size (RW Data + ZI Data)              1144 (   1.12kB)
    Total ROM Size (Code + RO Data + RW Data)       2508 (   2.45kB)

==============================================================================

