<!doctype html public "-//w3c//dtd html 4.0 transitional//en">
<html><head>
<title>Static Call Graph - [.\Objects\CW32_Lightmeter.axf]</title></head>
<body><HR>
<H1>Static Call Graph for image .\Objects\CW32_Lightmeter.axf</H1><HR>
<BR><P>#&#060CALLGRAPH&#062# ARM Linker, 5060960: Last Updated: Mon Oct 02 23:53:19 2023
<BR><P>
<H3>Maximum Stack Usage =         72 bytes + Unknown(Functions without stacksize, Untraceable Function Pointers)</H3><H3>
Call chain for Maximum Stack Depth:</H3>
__rt_entry_main &rArr; main &rArr; rccInitHSE &rArr; RCC_PLL_Enable
<P>
<H3>
Functions with no stack information
</H3><UL>
 <LI><a href="#[3f]">__user_initial_stackheap</a>
</UL>
</UL>
<P>
<H3>
Function Pointers
</H3><UL>
 <LI><a href="#[18]">ADC_IRQHandler</a> from interrupts_cw32f030.o(i.ADC_IRQHandler) referenced from startup_cw32f030.o(RESET)
 <LI><a href="#[19]">ATIM_IRQHandler</a> from interrupts_cw32f030.o(i.ATIM_IRQHandler) referenced from startup_cw32f030.o(RESET)
 <LI><a href="#[2a]">AWT_IRQHandler</a> from interrupts_cw32f030.o(i.AWT_IRQHandler) referenced from startup_cw32f030.o(RESET)
 <LI><a href="#[20]">BTIM1_IRQHandler</a> from interrupts_cw32f030.o(i.BTIM1_IRQHandler) referenced from startup_cw32f030.o(RESET)
 <LI><a href="#[21]">BTIM2_IRQHandler</a> from interrupts_cw32f030.o(i.BTIM2_IRQHandler) referenced from startup_cw32f030.o(RESET)
 <LI><a href="#[22]">BTIM3_IRQHandler</a> from interrupts_cw32f030.o(i.BTIM3_IRQHandler) referenced from startup_cw32f030.o(RESET)
 <LI><a href="#[15]">DMACH1_IRQHandler</a> from interrupts_cw32f030.o(i.DMACH1_IRQHandler) referenced from startup_cw32f030.o(RESET)
 <LI><a href="#[16]">DMACH23_IRQHandler</a> from interrupts_cw32f030.o(i.DMACH23_IRQHandler) referenced from startup_cw32f030.o(RESET)
 <LI><a href="#[17]">DMACH45_IRQHandler</a> from interrupts_cw32f030.o(i.DMACH45_IRQHandler) referenced from startup_cw32f030.o(RESET)
 <LI><a href="#[2b]">FAULT_IRQHandler</a> from interrupts_cw32f030.o(i.FAULT_IRQHandler) referenced from startup_cw32f030.o(RESET)
 <LI><a href="#[f]">FLASHRAM_IRQHandler</a> from interrupts_cw32f030.o(i.FLASHRAM_IRQHandler) referenced from startup_cw32f030.o(RESET)
 <LI><a href="#[11]">GPIOA_IRQHandler</a> from interrupts_cw32f030.o(i.GPIOA_IRQHandler) referenced from startup_cw32f030.o(RESET)
 <LI><a href="#[12]">GPIOB_IRQHandler</a> from interrupts_cw32f030.o(i.GPIOB_IRQHandler) referenced from startup_cw32f030.o(RESET)
 <LI><a href="#[13]">GPIOC_IRQHandler</a> from interrupts_cw32f030.o(i.GPIOC_IRQHandler) referenced from startup_cw32f030.o(RESET)
 <LI><a href="#[14]">GPIOF_IRQHandler</a> from interrupts_cw32f030.o(i.GPIOF_IRQHandler) referenced from startup_cw32f030.o(RESET)
 <LI><a href="#[1c]">GTIM1_IRQHandler</a> from interrupts_cw32f030.o(i.GTIM1_IRQHandler) referenced from startup_cw32f030.o(RESET)
 <LI><a href="#[1d]">GTIM2_IRQHandler</a> from interrupts_cw32f030.o(i.GTIM2_IRQHandler) referenced from startup_cw32f030.o(RESET)
 <LI><a href="#[1e]">GTIM3_IRQHandler</a> from interrupts_cw32f030.o(i.GTIM3_IRQHandler) referenced from startup_cw32f030.o(RESET)
 <LI><a href="#[1f]">GTIM4_IRQHandler</a> from interrupts_cw32f030.o(i.GTIM4_IRQHandler) referenced from startup_cw32f030.o(RESET)
 <LI><a href="#[8]">HardFault_Handler</a> from interrupts_cw32f030.o(i.HardFault_Handler) referenced from startup_cw32f030.o(RESET)
 <LI><a href="#[23]">I2C1_IRQHandler</a> from interrupts_cw32f030.o(i.I2C1_IRQHandler) referenced from startup_cw32f030.o(RESET)
 <LI><a href="#[24]">I2C2_IRQHandler</a> from interrupts_cw32f030.o(i.I2C2_IRQHandler) referenced from startup_cw32f030.o(RESET)
 <LI><a href="#[d]">LVD_IRQHandler</a> from interrupts_cw32f030.o(i.LVD_IRQHandler) referenced from startup_cw32f030.o(RESET)
 <LI><a href="#[7]">NMI_Handler</a> from interrupts_cw32f030.o(i.NMI_Handler) referenced from startup_cw32f030.o(RESET)
 <LI><a href="#[a]">PendSV_Handler</a> from interrupts_cw32f030.o(i.PendSV_Handler) referenced from startup_cw32f030.o(RESET)
 <LI><a href="#[10]">RCC_IRQHandler</a> from interrupts_cw32f030.o(i.RCC_IRQHandler) referenced from startup_cw32f030.o(RESET)
 <LI><a href="#[e]">RTC_IRQHandler</a> from interrupts_cw32f030.o(i.RTC_IRQHandler) referenced from startup_cw32f030.o(RESET)
 <LI><a href="#[6]">Reset_Handler</a> from startup_cw32f030.o(.text) referenced from startup_cw32f030.o(RESET)
 <LI><a href="#[25]">SPI1_IRQHandler</a> from interrupts_cw32f030.o(i.SPI1_IRQHandler) referenced from startup_cw32f030.o(RESET)
 <LI><a href="#[26]">SPI2_IRQHandler</a> from interrupts_cw32f030.o(i.SPI2_IRQHandler) referenced from startup_cw32f030.o(RESET)
 <LI><a href="#[9]">SVC_Handler</a> from interrupts_cw32f030.o(i.SVC_Handler) referenced from startup_cw32f030.o(RESET)
 <LI><a href="#[b]">SysTick_Handler</a> from cw32f030_systick.o(i.SysTick_Handler) referenced from startup_cw32f030.o(RESET)
 <LI><a href="#[2c]">SystemInit</a> from system_cw32f030.o(i.SystemInit) referenced from startup_cw32f030.o(.text)
 <LI><a href="#[27]">UART1_IRQHandler</a> from interrupts_cw32f030.o(i.UART1_IRQHandler) referenced from startup_cw32f030.o(RESET)
 <LI><a href="#[28]">UART2_IRQHandler</a> from interrupts_cw32f030.o(i.UART2_IRQHandler) referenced from startup_cw32f030.o(RESET)
 <LI><a href="#[29]">UART3_IRQHandler</a> from interrupts_cw32f030.o(i.UART3_IRQHandler) referenced from startup_cw32f030.o(RESET)
 <LI><a href="#[1a]">VC1_IRQHandler</a> from interrupts_cw32f030.o(i.VC1_IRQHandler) referenced from startup_cw32f030.o(RESET)
 <LI><a href="#[1b]">VC2_IRQHandler</a> from interrupts_cw32f030.o(i.VC2_IRQHandler) referenced from startup_cw32f030.o(RESET)
 <LI><a href="#[c]">WDT_IRQHandler</a> from interrupts_cw32f030.o(i.WDT_IRQHandler) referenced from startup_cw32f030.o(RESET)
 <LI><a href="#[2e]">__main</a> from __main.o(!!!main) referenced from startup_cw32f030.o(.text)
</UL>
<P>
<H3>
Global Symbols
</H3>
<P><STRONG><a name="[2e]"></a>__main</STRONG> (Thumb, 8 bytes, Stack size 0 bytes, __main.o(!!!main))
<BR><BR>[Calls]<UL><LI><a href="#[2f]">&gt;&gt;</a>&nbsp;&nbsp;&nbsp;__scatterload
<LI><a href="#[30]">&gt;&gt;</a>&nbsp;&nbsp;&nbsp;__rt_entry
</UL>

<P><STRONG><a name="[2f]"></a>__scatterload</STRONG> (Thumb, 0 bytes, Stack size unknown bytes, __scatter.o(!!!scatter))
<BR><BR>[Called By]<UL><LI><a href="#[2e]">&gt;&gt;</a>&nbsp;&nbsp;&nbsp;__main
</UL>

<P><STRONG><a name="[31]"></a>__scatterload_rt2</STRONG> (Thumb, 52 bytes, Stack size unknown bytes, __scatter.o(!!!scatter), UNUSED)
<BR><BR>[Calls]<UL><LI><a href="#[30]">&gt;&gt;</a>&nbsp;&nbsp;&nbsp;__rt_entry
</UL>

<P><STRONG><a name="[52]"></a>__scatterload_rt2_thumb_only</STRONG> (Thumb, 0 bytes, Stack size unknown bytes, __scatter.o(!!!scatter), UNUSED)

<P><STRONG><a name="[53]"></a>__scatterload_null</STRONG> (Thumb, 0 bytes, Stack size unknown bytes, __scatter.o(!!!scatter), UNUSED)

<P><STRONG><a name="[32]"></a>__scatterload_copy</STRONG> (Thumb, 26 bytes, Stack size unknown bytes, __scatter_copy.o(!!handler_copy), UNUSED)
<BR><BR>[Calls]<UL><LI><a href="#[32]">&gt;&gt;</a>&nbsp;&nbsp;&nbsp;__scatterload_copy
</UL>
<BR>[Called By]<UL><LI><a href="#[32]">&gt;&gt;</a>&nbsp;&nbsp;&nbsp;__scatterload_copy
</UL>

<P><STRONG><a name="[54]"></a>__scatterload_zeroinit</STRONG> (Thumb, 28 bytes, Stack size unknown bytes, __scatter_zi.o(!!handler_zi), UNUSED)

<P><STRONG><a name="[36]"></a>__rt_lib_init</STRONG> (Thumb, 0 bytes, Stack size unknown bytes, libinit.o(.ARM.Collect$$libinit$$00000000))
<BR><BR>[Called By]<UL><LI><a href="#[35]">&gt;&gt;</a>&nbsp;&nbsp;&nbsp;__rt_entry_li
</UL>

<P><STRONG><a name="[55]"></a>__rt_lib_init_alloca_1</STRONG> (Thumb, 0 bytes, Stack size unknown bytes, libinit2.o(.ARM.Collect$$libinit$$0000002E))

<P><STRONG><a name="[56]"></a>__rt_lib_init_argv_1</STRONG> (Thumb, 0 bytes, Stack size unknown bytes, libinit2.o(.ARM.Collect$$libinit$$0000002C))

<P><STRONG><a name="[57]"></a>__rt_lib_init_atexit_1</STRONG> (Thumb, 0 bytes, Stack size unknown bytes, libinit2.o(.ARM.Collect$$libinit$$0000001B))

<P><STRONG><a name="[58]"></a>__rt_lib_init_clock_1</STRONG> (Thumb, 0 bytes, Stack size unknown bytes, libinit2.o(.ARM.Collect$$libinit$$00000021))

<P><STRONG><a name="[59]"></a>__rt_lib_init_cpp_1</STRONG> (Thumb, 0 bytes, Stack size unknown bytes, libinit2.o(.ARM.Collect$$libinit$$00000032))

<P><STRONG><a name="[5a]"></a>__rt_lib_init_exceptions_1</STRONG> (Thumb, 0 bytes, Stack size unknown bytes, libinit2.o(.ARM.Collect$$libinit$$00000030))

<P><STRONG><a name="[5b]"></a>__rt_lib_init_fp_1</STRONG> (Thumb, 0 bytes, Stack size unknown bytes, libinit2.o(.ARM.Collect$$libinit$$00000002))

<P><STRONG><a name="[5c]"></a>__rt_lib_init_fp_trap_1</STRONG> (Thumb, 0 bytes, Stack size unknown bytes, libinit2.o(.ARM.Collect$$libinit$$0000001F))

<P><STRONG><a name="[5d]"></a>__rt_lib_init_getenv_1</STRONG> (Thumb, 0 bytes, Stack size unknown bytes, libinit2.o(.ARM.Collect$$libinit$$00000023))

<P><STRONG><a name="[5e]"></a>__rt_lib_init_heap_1</STRONG> (Thumb, 0 bytes, Stack size unknown bytes, libinit2.o(.ARM.Collect$$libinit$$0000000A))

<P><STRONG><a name="[5f]"></a>__rt_lib_init_lc_collate_1</STRONG> (Thumb, 0 bytes, Stack size unknown bytes, libinit2.o(.ARM.Collect$$libinit$$00000011))

<P><STRONG><a name="[60]"></a>__rt_lib_init_lc_ctype_1</STRONG> (Thumb, 0 bytes, Stack size unknown bytes, libinit2.o(.ARM.Collect$$libinit$$00000013))

<P><STRONG><a name="[61]"></a>__rt_lib_init_lc_monetary_1</STRONG> (Thumb, 0 bytes, Stack size unknown bytes, libinit2.o(.ARM.Collect$$libinit$$00000015))

<P><STRONG><a name="[62]"></a>__rt_lib_init_lc_numeric_1</STRONG> (Thumb, 0 bytes, Stack size unknown bytes, libinit2.o(.ARM.Collect$$libinit$$00000017))

<P><STRONG><a name="[63]"></a>__rt_lib_init_lc_time_1</STRONG> (Thumb, 0 bytes, Stack size unknown bytes, libinit2.o(.ARM.Collect$$libinit$$00000019))

<P><STRONG><a name="[64]"></a>__rt_lib_init_preinit_1</STRONG> (Thumb, 0 bytes, Stack size unknown bytes, libinit2.o(.ARM.Collect$$libinit$$00000004))

<P><STRONG><a name="[65]"></a>__rt_lib_init_rand_1</STRONG> (Thumb, 0 bytes, Stack size unknown bytes, libinit2.o(.ARM.Collect$$libinit$$0000000E))

<P><STRONG><a name="[66]"></a>__rt_lib_init_return</STRONG> (Thumb, 0 bytes, Stack size unknown bytes, libinit2.o(.ARM.Collect$$libinit$$00000033))

<P><STRONG><a name="[67]"></a>__rt_lib_init_signal_1</STRONG> (Thumb, 0 bytes, Stack size unknown bytes, libinit2.o(.ARM.Collect$$libinit$$0000001D))

<P><STRONG><a name="[68]"></a>__rt_lib_init_stdio_1</STRONG> (Thumb, 0 bytes, Stack size unknown bytes, libinit2.o(.ARM.Collect$$libinit$$00000025))

<P><STRONG><a name="[69]"></a>__rt_lib_init_user_alloc_1</STRONG> (Thumb, 0 bytes, Stack size unknown bytes, libinit2.o(.ARM.Collect$$libinit$$0000000C))

<P><STRONG><a name="[3b]"></a>__rt_lib_shutdown</STRONG> (Thumb, 0 bytes, Stack size unknown bytes, libshutdown.o(.ARM.Collect$$libshutdown$$00000000))
<BR><BR>[Called By]<UL><LI><a href="#[3a]">&gt;&gt;</a>&nbsp;&nbsp;&nbsp;__rt_exit_ls
</UL>

<P><STRONG><a name="[6a]"></a>__rt_lib_shutdown_cpp_1</STRONG> (Thumb, 0 bytes, Stack size unknown bytes, libshutdown2.o(.ARM.Collect$$libshutdown$$00000004))

<P><STRONG><a name="[6b]"></a>__rt_lib_shutdown_fini_1</STRONG> (Thumb, 0 bytes, Stack size unknown bytes, libshutdown2.o(.ARM.Collect$$libshutdown$$00000002))

<P><STRONG><a name="[6c]"></a>__rt_lib_shutdown_fp_trap_1</STRONG> (Thumb, 0 bytes, Stack size unknown bytes, libshutdown2.o(.ARM.Collect$$libshutdown$$00000009))

<P><STRONG><a name="[6d]"></a>__rt_lib_shutdown_heap_1</STRONG> (Thumb, 0 bytes, Stack size unknown bytes, libshutdown2.o(.ARM.Collect$$libshutdown$$00000011))

<P><STRONG><a name="[6e]"></a>__rt_lib_shutdown_return</STRONG> (Thumb, 0 bytes, Stack size unknown bytes, libshutdown2.o(.ARM.Collect$$libshutdown$$00000012))

<P><STRONG><a name="[6f]"></a>__rt_lib_shutdown_signal_1</STRONG> (Thumb, 0 bytes, Stack size unknown bytes, libshutdown2.o(.ARM.Collect$$libshutdown$$0000000C))

<P><STRONG><a name="[70]"></a>__rt_lib_shutdown_stdio_1</STRONG> (Thumb, 0 bytes, Stack size unknown bytes, libshutdown2.o(.ARM.Collect$$libshutdown$$00000006))

<P><STRONG><a name="[71]"></a>__rt_lib_shutdown_user_alloc_1</STRONG> (Thumb, 0 bytes, Stack size unknown bytes, libshutdown2.o(.ARM.Collect$$libshutdown$$0000000E))

<P><STRONG><a name="[30]"></a>__rt_entry</STRONG> (Thumb, 0 bytes, Stack size unknown bytes, __rtentry.o(.ARM.Collect$$rtentry$$00000000))
<BR><BR>[Called By]<UL><LI><a href="#[31]">&gt;&gt;</a>&nbsp;&nbsp;&nbsp;__scatterload_rt2
<LI><a href="#[2e]">&gt;&gt;</a>&nbsp;&nbsp;&nbsp;__main
</UL>

<P><STRONG><a name="[72]"></a>__rt_entry_presh_1</STRONG> (Thumb, 0 bytes, Stack size unknown bytes, __rtentry2.o(.ARM.Collect$$rtentry$$00000002))

<P><STRONG><a name="[33]"></a>__rt_entry_sh</STRONG> (Thumb, 0 bytes, Stack size unknown bytes, __rtentry4.o(.ARM.Collect$$rtentry$$00000004))
<BR><BR>[Stack]<UL><LI>Max Depth = 8 + Unknown Stack Size
<LI>Call Chain = __rt_entry_sh &rArr; __user_setup_stackheap
</UL>
<BR>[Calls]<UL><LI><a href="#[34]">&gt;&gt;</a>&nbsp;&nbsp;&nbsp;__user_setup_stackheap
</UL>

<P><STRONG><a name="[35]"></a>__rt_entry_li</STRONG> (Thumb, 0 bytes, Stack size unknown bytes, __rtentry2.o(.ARM.Collect$$rtentry$$0000000A))
<BR><BR>[Calls]<UL><LI><a href="#[36]">&gt;&gt;</a>&nbsp;&nbsp;&nbsp;__rt_lib_init
</UL>

<P><STRONG><a name="[73]"></a>__rt_entry_postsh_1</STRONG> (Thumb, 0 bytes, Stack size unknown bytes, __rtentry2.o(.ARM.Collect$$rtentry$$00000009))

<P><STRONG><a name="[37]"></a>__rt_entry_main</STRONG> (Thumb, 0 bytes, Stack size unknown bytes, __rtentry2.o(.ARM.Collect$$rtentry$$0000000D))
<BR><BR>[Stack]<UL><LI>Max Depth = 72 + Unknown Stack Size
<LI>Call Chain = __rt_entry_main &rArr; main &rArr; rccInitHSE &rArr; RCC_PLL_Enable
</UL>
<BR>[Calls]<UL><LI><a href="#[39]">&gt;&gt;</a>&nbsp;&nbsp;&nbsp;exit
<LI><a href="#[38]">&gt;&gt;</a>&nbsp;&nbsp;&nbsp;main
</UL>

<P><STRONG><a name="[74]"></a>__rt_entry_postli_1</STRONG> (Thumb, 0 bytes, Stack size unknown bytes, __rtentry2.o(.ARM.Collect$$rtentry$$0000000C))

<P><STRONG><a name="[41]"></a>__rt_exit</STRONG> (Thumb, 0 bytes, Stack size unknown bytes, rtexit.o(.ARM.Collect$$rtexit$$00000000))
<BR><BR>[Called By]<UL><LI><a href="#[39]">&gt;&gt;</a>&nbsp;&nbsp;&nbsp;exit
</UL>

<P><STRONG><a name="[3a]"></a>__rt_exit_ls</STRONG> (Thumb, 0 bytes, Stack size unknown bytes, rtexit2.o(.ARM.Collect$$rtexit$$00000003))
<BR><BR>[Calls]<UL><LI><a href="#[3b]">&gt;&gt;</a>&nbsp;&nbsp;&nbsp;__rt_lib_shutdown
</UL>

<P><STRONG><a name="[75]"></a>__rt_exit_prels_1</STRONG> (Thumb, 0 bytes, Stack size unknown bytes, rtexit2.o(.ARM.Collect$$rtexit$$00000002))

<P><STRONG><a name="[3c]"></a>__rt_exit_exit</STRONG> (Thumb, 0 bytes, Stack size unknown bytes, rtexit2.o(.ARM.Collect$$rtexit$$00000004))
<BR><BR>[Calls]<UL><LI><a href="#[3d]">&gt;&gt;</a>&nbsp;&nbsp;&nbsp;_sys_exit
</UL>

<P><STRONG><a name="[43]"></a>__aeabi_memcpy4</STRONG> (Thumb, 56 bytes, Stack size 0 bytes, rt_memcpy.o(.emb_text))
<BR><BR>[Called By]<UL><LI><a href="#[42]">&gt;&gt;</a>&nbsp;&nbsp;&nbsp;RCC_PLL_Enable
</UL>

<P><STRONG><a name="[76]"></a>__aeabi_memcpy8</STRONG> (Thumb, 0 bytes, Stack size 0 bytes, rt_memcpy.o(.emb_text), UNUSED)

<P><STRONG><a name="[6]"></a>Reset_Handler</STRONG> (Thumb, 26 bytes, Stack size 0 bytes, startup_cw32f030.o(.text))
<BR>[Address Reference Count : 1]<UL><LI> startup_cw32f030.o(RESET)
</UL>
<P><STRONG><a name="[3f]"></a>__user_initial_stackheap</STRONG> (Thumb, 0 bytes, Stack size unknown bytes, startup_cw32f030.o(.text))
<BR><BR>[Called By]<UL><LI><a href="#[34]">&gt;&gt;</a>&nbsp;&nbsp;&nbsp;__user_setup_stackheap
</UL>

<P><STRONG><a name="[77]"></a>__aeabi_uidiv</STRONG> (Thumb, 0 bytes, Stack size 0 bytes, aeabi_sdiv.o(.text), UNUSED)

<P><STRONG><a name="[48]"></a>__aeabi_uidivmod</STRONG> (Thumb, 20 bytes, Stack size 0 bytes, aeabi_sdiv.o(.text))
<BR><BR>[Called By]<UL><LI><a href="#[45]">&gt;&gt;</a>&nbsp;&nbsp;&nbsp;RCC_Sysctrl_GetHClkFreq
</UL>

<P><STRONG><a name="[78]"></a>__aeabi_idiv</STRONG> (Thumb, 0 bytes, Stack size 8 bytes, aeabi_sdiv.o(.text), UNUSED)

<P><STRONG><a name="[79]"></a>__aeabi_idivmod</STRONG> (Thumb, 326 bytes, Stack size 8 bytes, aeabi_sdiv.o(.text), UNUSED)

<P><STRONG><a name="[7a]"></a>__use_two_region_memory</STRONG> (Thumb, 2 bytes, Stack size 0 bytes, heapauxi.o(.text), UNUSED)

<P><STRONG><a name="[7b]"></a>__rt_heap_escrow$2region</STRONG> (Thumb, 2 bytes, Stack size 0 bytes, heapauxi.o(.text), UNUSED)

<P><STRONG><a name="[7c]"></a>__rt_heap_expand$2region</STRONG> (Thumb, 2 bytes, Stack size 0 bytes, heapauxi.o(.text), UNUSED)

<P><STRONG><a name="[34]"></a>__user_setup_stackheap</STRONG> (Thumb, 62 bytes, Stack size 8 bytes, sys_stackheap_outer.o(.text))
<BR><BR>[Stack]<UL><LI>Max Depth = 8 + Unknown Stack Size
<LI>Call Chain = __user_setup_stackheap
</UL>
<BR>[Calls]<UL><LI><a href="#[3f]">&gt;&gt;</a>&nbsp;&nbsp;&nbsp;__user_initial_stackheap
<LI><a href="#[3e]">&gt;&gt;</a>&nbsp;&nbsp;&nbsp;__user_perproc_libspace
</UL>
<BR>[Called By]<UL><LI><a href="#[33]">&gt;&gt;</a>&nbsp;&nbsp;&nbsp;__rt_entry_sh
</UL>

<P><STRONG><a name="[39]"></a>exit</STRONG> (Thumb, 16 bytes, Stack size 8 bytes, exit.o(.text))
<BR><BR>[Stack]<UL><LI>Max Depth = 8 + Unknown Stack Size
<LI>Call Chain = exit
</UL>
<BR>[Calls]<UL><LI><a href="#[41]">&gt;&gt;</a>&nbsp;&nbsp;&nbsp;__rt_exit
<LI><a href="#[40]">&gt;&gt;</a>&nbsp;&nbsp;&nbsp;_call_atexit_fns (Weak Reference)
</UL>
<BR>[Called By]<UL><LI><a href="#[37]">&gt;&gt;</a>&nbsp;&nbsp;&nbsp;__rt_entry_main
</UL>

<P><STRONG><a name="[7d]"></a>__user_libspace</STRONG> (Thumb, 8 bytes, Stack size 0 bytes, libspace.o(.text), UNUSED)

<P><STRONG><a name="[3e]"></a>__user_perproc_libspace</STRONG> (Thumb, 0 bytes, Stack size 0 bytes, libspace.o(.text))
<BR><BR>[Called By]<UL><LI><a href="#[34]">&gt;&gt;</a>&nbsp;&nbsp;&nbsp;__user_setup_stackheap
</UL>

<P><STRONG><a name="[7e]"></a>__user_perthread_libspace</STRONG> (Thumb, 0 bytes, Stack size 0 bytes, libspace.o(.text), UNUSED)

<P><STRONG><a name="[3d]"></a>_sys_exit</STRONG> (Thumb, 8 bytes, Stack size 0 bytes, sys_exit.o(.text))
<BR><BR>[Called By]<UL><LI><a href="#[3c]">&gt;&gt;</a>&nbsp;&nbsp;&nbsp;__rt_exit_exit
</UL>

<P><STRONG><a name="[7f]"></a>__I$use$semihosting</STRONG> (Thumb, 0 bytes, Stack size 0 bytes, use_no_semi.o(.text), UNUSED)

<P><STRONG><a name="[80]"></a>__use_no_semihosting_swi</STRONG> (Thumb, 2 bytes, Stack size 0 bytes, use_no_semi.o(.text), UNUSED)

<P><STRONG><a name="[18]"></a>ADC_IRQHandler</STRONG> (Thumb, 2 bytes, Stack size 0 bytes, interrupts_cw32f030.o(i.ADC_IRQHandler))
<BR>[Address Reference Count : 1]<UL><LI> startup_cw32f030.o(RESET)
</UL>
<P><STRONG><a name="[81]"></a>__semihosting_library_function</STRONG> (Thumb, 0 bytes, Stack size 0 bytes, indicate_semi.o(.text), UNUSED)

<P><STRONG><a name="[19]"></a>ATIM_IRQHandler</STRONG> (Thumb, 2 bytes, Stack size 0 bytes, interrupts_cw32f030.o(i.ATIM_IRQHandler))
<BR>[Address Reference Count : 1]<UL><LI> startup_cw32f030.o(RESET)
</UL>
<P><STRONG><a name="[2a]"></a>AWT_IRQHandler</STRONG> (Thumb, 2 bytes, Stack size 0 bytes, interrupts_cw32f030.o(i.AWT_IRQHandler))
<BR>[Address Reference Count : 1]<UL><LI> startup_cw32f030.o(RESET)
</UL>
<P><STRONG><a name="[20]"></a>BTIM1_IRQHandler</STRONG> (Thumb, 2 bytes, Stack size 0 bytes, interrupts_cw32f030.o(i.BTIM1_IRQHandler))
<BR>[Address Reference Count : 1]<UL><LI> startup_cw32f030.o(RESET)
</UL>
<P><STRONG><a name="[21]"></a>BTIM2_IRQHandler</STRONG> (Thumb, 2 bytes, Stack size 0 bytes, interrupts_cw32f030.o(i.BTIM2_IRQHandler))
<BR>[Address Reference Count : 1]<UL><LI> startup_cw32f030.o(RESET)
</UL>
<P><STRONG><a name="[22]"></a>BTIM3_IRQHandler</STRONG> (Thumb, 2 bytes, Stack size 0 bytes, interrupts_cw32f030.o(i.BTIM3_IRQHandler))
<BR>[Address Reference Count : 1]<UL><LI> startup_cw32f030.o(RESET)
</UL>
<P><STRONG><a name="[15]"></a>DMACH1_IRQHandler</STRONG> (Thumb, 2 bytes, Stack size 0 bytes, interrupts_cw32f030.o(i.DMACH1_IRQHandler))
<BR>[Address Reference Count : 1]<UL><LI> startup_cw32f030.o(RESET)
</UL>
<P><STRONG><a name="[16]"></a>DMACH23_IRQHandler</STRONG> (Thumb, 2 bytes, Stack size 0 bytes, interrupts_cw32f030.o(i.DMACH23_IRQHandler))
<BR>[Address Reference Count : 1]<UL><LI> startup_cw32f030.o(RESET)
</UL>
<P><STRONG><a name="[17]"></a>DMACH45_IRQHandler</STRONG> (Thumb, 2 bytes, Stack size 0 bytes, interrupts_cw32f030.o(i.DMACH45_IRQHandler))
<BR>[Address Reference Count : 1]<UL><LI> startup_cw32f030.o(RESET)
</UL>
<P><STRONG><a name="[2b]"></a>FAULT_IRQHandler</STRONG> (Thumb, 2 bytes, Stack size 0 bytes, interrupts_cw32f030.o(i.FAULT_IRQHandler))
<BR>[Address Reference Count : 1]<UL><LI> startup_cw32f030.o(RESET)
</UL>
<P><STRONG><a name="[f]"></a>FLASHRAM_IRQHandler</STRONG> (Thumb, 2 bytes, Stack size 0 bytes, interrupts_cw32f030.o(i.FLASHRAM_IRQHandler))
<BR>[Address Reference Count : 1]<UL><LI> startup_cw32f030.o(RESET)
</UL>
<P><STRONG><a name="[4f]"></a>FLASH_SetLatency</STRONG> (Thumb, 28 bytes, Stack size 0 bytes, cw32f030_flash.o(i.FLASH_SetLatency))
<BR><BR>[Called By]<UL><LI><a href="#[4a]">&gt;&gt;</a>&nbsp;&nbsp;&nbsp;rccInitHSE
</UL>

<P><STRONG><a name="[11]"></a>GPIOA_IRQHandler</STRONG> (Thumb, 2 bytes, Stack size 0 bytes, interrupts_cw32f030.o(i.GPIOA_IRQHandler))
<BR>[Address Reference Count : 1]<UL><LI> startup_cw32f030.o(RESET)
</UL>
<P><STRONG><a name="[12]"></a>GPIOB_IRQHandler</STRONG> (Thumb, 2 bytes, Stack size 0 bytes, interrupts_cw32f030.o(i.GPIOB_IRQHandler))
<BR>[Address Reference Count : 1]<UL><LI> startup_cw32f030.o(RESET)
</UL>
<P><STRONG><a name="[13]"></a>GPIOC_IRQHandler</STRONG> (Thumb, 2 bytes, Stack size 0 bytes, interrupts_cw32f030.o(i.GPIOC_IRQHandler))
<BR>[Address Reference Count : 1]<UL><LI> startup_cw32f030.o(RESET)
</UL>
<P><STRONG><a name="[14]"></a>GPIOF_IRQHandler</STRONG> (Thumb, 2 bytes, Stack size 0 bytes, interrupts_cw32f030.o(i.GPIOF_IRQHandler))
<BR>[Address Reference Count : 1]<UL><LI> startup_cw32f030.o(RESET)
</UL>
<P><STRONG><a name="[51]"></a>GPIO_ConfigFilter</STRONG> (Thumb, 8 bytes, Stack size 0 bytes, cw32f030_gpio.o(i.GPIO_ConfigFilter))
<BR><BR>[Called By]<UL><LI><a href="#[4b]">&gt;&gt;</a>&nbsp;&nbsp;&nbsp;switchInit
</UL>

<P><STRONG><a name="[50]"></a>GPIO_Init</STRONG> (Thumb, 252 bytes, Stack size 0 bytes, cw32f030_gpio.o(i.GPIO_Init))
<BR><BR>[Called By]<UL><LI><a href="#[4b]">&gt;&gt;</a>&nbsp;&nbsp;&nbsp;switchInit
</UL>

<P><STRONG><a name="[1c]"></a>GTIM1_IRQHandler</STRONG> (Thumb, 2 bytes, Stack size 0 bytes, interrupts_cw32f030.o(i.GTIM1_IRQHandler))
<BR>[Address Reference Count : 1]<UL><LI> startup_cw32f030.o(RESET)
</UL>
<P><STRONG><a name="[1d]"></a>GTIM2_IRQHandler</STRONG> (Thumb, 2 bytes, Stack size 0 bytes, interrupts_cw32f030.o(i.GTIM2_IRQHandler))
<BR>[Address Reference Count : 1]<UL><LI> startup_cw32f030.o(RESET)
</UL>
<P><STRONG><a name="[1e]"></a>GTIM3_IRQHandler</STRONG> (Thumb, 2 bytes, Stack size 0 bytes, interrupts_cw32f030.o(i.GTIM3_IRQHandler))
<BR>[Address Reference Count : 1]<UL><LI> startup_cw32f030.o(RESET)
</UL>
<P><STRONG><a name="[1f]"></a>GTIM4_IRQHandler</STRONG> (Thumb, 2 bytes, Stack size 0 bytes, interrupts_cw32f030.o(i.GTIM4_IRQHandler))
<BR>[Address Reference Count : 1]<UL><LI> startup_cw32f030.o(RESET)
</UL>
<P><STRONG><a name="[8]"></a>HardFault_Handler</STRONG> (Thumb, 4 bytes, Stack size 0 bytes, interrupts_cw32f030.o(i.HardFault_Handler))
<BR>[Address Reference Count : 1]<UL><LI> startup_cw32f030.o(RESET)
</UL>
<P><STRONG><a name="[23]"></a>I2C1_IRQHandler</STRONG> (Thumb, 2 bytes, Stack size 0 bytes, interrupts_cw32f030.o(i.I2C1_IRQHandler))
<BR>[Address Reference Count : 1]<UL><LI> startup_cw32f030.o(RESET)
</UL>
<P><STRONG><a name="[24]"></a>I2C2_IRQHandler</STRONG> (Thumb, 2 bytes, Stack size 0 bytes, interrupts_cw32f030.o(i.I2C2_IRQHandler))
<BR>[Address Reference Count : 1]<UL><LI> startup_cw32f030.o(RESET)
</UL>
<P><STRONG><a name="[d]"></a>LVD_IRQHandler</STRONG> (Thumb, 2 bytes, Stack size 0 bytes, interrupts_cw32f030.o(i.LVD_IRQHandler))
<BR>[Address Reference Count : 1]<UL><LI> startup_cw32f030.o(RESET)
</UL>
<P><STRONG><a name="[7]"></a>NMI_Handler</STRONG> (Thumb, 2 bytes, Stack size 0 bytes, interrupts_cw32f030.o(i.NMI_Handler))
<BR>[Address Reference Count : 1]<UL><LI> startup_cw32f030.o(RESET)
</UL>
<P><STRONG><a name="[a]"></a>PendSV_Handler</STRONG> (Thumb, 2 bytes, Stack size 0 bytes, interrupts_cw32f030.o(i.PendSV_Handler))
<BR>[Address Reference Count : 1]<UL><LI> startup_cw32f030.o(RESET)
</UL>
<P><STRONG><a name="[4e]"></a>RCC_HCLKPRS_Config</STRONG> (Thumb, 20 bytes, Stack size 0 bytes, cw32f030_rcc.o(i.RCC_HCLKPRS_Config))
<BR><BR>[Called By]<UL><LI><a href="#[4a]">&gt;&gt;</a>&nbsp;&nbsp;&nbsp;rccInitHSE
</UL>

<P><STRONG><a name="[4d]"></a>RCC_HSI_Enable</STRONG> (Thumb, 44 bytes, Stack size 0 bytes, cw32f030_rcc.o(i.RCC_HSI_Enable))
<BR><BR>[Called By]<UL><LI><a href="#[4a]">&gt;&gt;</a>&nbsp;&nbsp;&nbsp;rccInitHSE
</UL>

<P><STRONG><a name="[10]"></a>RCC_IRQHandler</STRONG> (Thumb, 2 bytes, Stack size 0 bytes, interrupts_cw32f030.o(i.RCC_IRQHandler))
<BR>[Address Reference Count : 1]<UL><LI> startup_cw32f030.o(RESET)
</UL>
<P><STRONG><a name="[42]"></a>RCC_PLL_Enable</STRONG> (Thumb, 168 bytes, Stack size 64 bytes, cw32f030_rcc.o(i.RCC_PLL_Enable))
<BR><BR>[Stack]<UL><LI>Max Depth = 64<LI>Call Chain = RCC_PLL_Enable
</UL>
<BR>[Calls]<UL><LI><a href="#[43]">&gt;&gt;</a>&nbsp;&nbsp;&nbsp;__aeabi_memcpy4
</UL>
<BR>[Called By]<UL><LI><a href="#[4a]">&gt;&gt;</a>&nbsp;&nbsp;&nbsp;rccInitHSE
</UL>

<P><STRONG><a name="[44]"></a>RCC_SysClk_Switch</STRONG> (Thumb, 54 bytes, Stack size 16 bytes, cw32f030_rcc.o(i.RCC_SysClk_Switch))
<BR><BR>[Stack]<UL><LI>Max Depth = 48<LI>Call Chain = RCC_SysClk_Switch &rArr; RCC_Sysctrl_GetHClkFreq &rArr; __ARM_common_switch8
</UL>
<BR>[Calls]<UL><LI><a href="#[46]">&gt;&gt;</a>&nbsp;&nbsp;&nbsp;RCC_SystemCoreClockUpdate
<LI><a href="#[45]">&gt;&gt;</a>&nbsp;&nbsp;&nbsp;RCC_Sysctrl_GetHClkFreq
</UL>
<BR>[Called By]<UL><LI><a href="#[4a]">&gt;&gt;</a>&nbsp;&nbsp;&nbsp;rccInitHSE
</UL>

<P><STRONG><a name="[45]"></a>RCC_Sysctrl_GetHClkFreq</STRONG> (Thumb, 194 bytes, Stack size 24 bytes, cw32f030_rcc.o(i.RCC_Sysctrl_GetHClkFreq))
<BR><BR>[Stack]<UL><LI>Max Depth = 32<LI>Call Chain = RCC_Sysctrl_GetHClkFreq &rArr; __ARM_common_switch8
</UL>
<BR>[Calls]<UL><LI><a href="#[47]">&gt;&gt;</a>&nbsp;&nbsp;&nbsp;__ARM_common_switch8
<LI><a href="#[48]">&gt;&gt;</a>&nbsp;&nbsp;&nbsp;__aeabi_uidivmod
</UL>
<BR>[Called By]<UL><LI><a href="#[44]">&gt;&gt;</a>&nbsp;&nbsp;&nbsp;RCC_SysClk_Switch
</UL>

<P><STRONG><a name="[46]"></a>RCC_SystemCoreClockUpdate</STRONG> (Thumb, 6 bytes, Stack size 0 bytes, cw32f030_rcc.o(i.RCC_SystemCoreClockUpdate))
<BR><BR>[Called By]<UL><LI><a href="#[44]">&gt;&gt;</a>&nbsp;&nbsp;&nbsp;RCC_SysClk_Switch
<LI><a href="#[4a]">&gt;&gt;</a>&nbsp;&nbsp;&nbsp;rccInitHSE
</UL>

<P><STRONG><a name="[e]"></a>RTC_IRQHandler</STRONG> (Thumb, 2 bytes, Stack size 0 bytes, interrupts_cw32f030.o(i.RTC_IRQHandler))
<BR>[Address Reference Count : 1]<UL><LI> startup_cw32f030.o(RESET)
</UL>
<P><STRONG><a name="[25]"></a>SPI1_IRQHandler</STRONG> (Thumb, 2 bytes, Stack size 0 bytes, interrupts_cw32f030.o(i.SPI1_IRQHandler))
<BR>[Address Reference Count : 1]<UL><LI> startup_cw32f030.o(RESET)
</UL>
<P><STRONG><a name="[26]"></a>SPI2_IRQHandler</STRONG> (Thumb, 2 bytes, Stack size 0 bytes, interrupts_cw32f030.o(i.SPI2_IRQHandler))
<BR>[Address Reference Count : 1]<UL><LI> startup_cw32f030.o(RESET)
</UL>
<P><STRONG><a name="[9]"></a>SVC_Handler</STRONG> (Thumb, 2 bytes, Stack size 0 bytes, interrupts_cw32f030.o(i.SVC_Handler))
<BR>[Address Reference Count : 1]<UL><LI> startup_cw32f030.o(RESET)
</UL>
<P><STRONG><a name="[b]"></a>SysTick_Handler</STRONG> (Thumb, 16 bytes, Stack size 0 bytes, cw32f030_systick.o(i.SysTick_Handler))
<BR>[Address Reference Count : 1]<UL><LI> startup_cw32f030.o(RESET)
</UL>
<P><STRONG><a name="[49]"></a>SystemCoreClockUpdate</STRONG> (Thumb, 8 bytes, Stack size 0 bytes, system_cw32f030.o(i.SystemCoreClockUpdate))
<BR><BR>[Called By]<UL><LI><a href="#[2c]">&gt;&gt;</a>&nbsp;&nbsp;&nbsp;SystemInit
</UL>

<P><STRONG><a name="[2c]"></a>SystemInit</STRONG> (Thumb, 54 bytes, Stack size 4 bytes, system_cw32f030.o(i.SystemInit))
<BR><BR>[Stack]<UL><LI>Max Depth = 4<LI>Call Chain = SystemInit
</UL>
<BR>[Calls]<UL><LI><a href="#[49]">&gt;&gt;</a>&nbsp;&nbsp;&nbsp;SystemCoreClockUpdate
</UL>
<BR>[Address Reference Count : 1]<UL><LI> startup_cw32f030.o(.text)
</UL>
<P><STRONG><a name="[27]"></a>UART1_IRQHandler</STRONG> (Thumb, 2 bytes, Stack size 0 bytes, interrupts_cw32f030.o(i.UART1_IRQHandler))
<BR>[Address Reference Count : 1]<UL><LI> startup_cw32f030.o(RESET)
</UL>
<P><STRONG><a name="[28]"></a>UART2_IRQHandler</STRONG> (Thumb, 2 bytes, Stack size 0 bytes, interrupts_cw32f030.o(i.UART2_IRQHandler))
<BR>[Address Reference Count : 1]<UL><LI> startup_cw32f030.o(RESET)
</UL>
<P><STRONG><a name="[29]"></a>UART3_IRQHandler</STRONG> (Thumb, 2 bytes, Stack size 0 bytes, interrupts_cw32f030.o(i.UART3_IRQHandler))
<BR>[Address Reference Count : 1]<UL><LI> startup_cw32f030.o(RESET)
</UL>
<P><STRONG><a name="[1a]"></a>VC1_IRQHandler</STRONG> (Thumb, 2 bytes, Stack size 0 bytes, interrupts_cw32f030.o(i.VC1_IRQHandler))
<BR>[Address Reference Count : 1]<UL><LI> startup_cw32f030.o(RESET)
</UL>
<P><STRONG><a name="[1b]"></a>VC2_IRQHandler</STRONG> (Thumb, 2 bytes, Stack size 0 bytes, interrupts_cw32f030.o(i.VC2_IRQHandler))
<BR>[Address Reference Count : 1]<UL><LI> startup_cw32f030.o(RESET)
</UL>
<P><STRONG><a name="[c]"></a>WDT_IRQHandler</STRONG> (Thumb, 2 bytes, Stack size 0 bytes, interrupts_cw32f030.o(i.WDT_IRQHandler))
<BR>[Address Reference Count : 1]<UL><LI> startup_cw32f030.o(RESET)
</UL>
<P><STRONG><a name="[47]"></a>__ARM_common_switch8</STRONG> (Thumb, 28 bytes, Stack size 8 bytes, cw32f030_i2c.o(i.__ARM_common_switch8))
<BR><BR>[Stack]<UL><LI>Max Depth = 8<LI>Call Chain = __ARM_common_switch8
</UL>
<BR>[Called By]<UL><LI><a href="#[45]">&gt;&gt;</a>&nbsp;&nbsp;&nbsp;RCC_Sysctrl_GetHClkFreq
</UL>

<P><STRONG><a name="[38]"></a>main</STRONG> (Thumb, 20 bytes, Stack size 0 bytes, main.o(i.main))
<BR><BR>[Stack]<UL><LI>Max Depth = 72<LI>Call Chain = main &rArr; rccInitHSE &rArr; RCC_PLL_Enable
</UL>
<BR>[Calls]<UL><LI><a href="#[4b]">&gt;&gt;</a>&nbsp;&nbsp;&nbsp;switchInit
<LI><a href="#[4c]">&gt;&gt;</a>&nbsp;&nbsp;&nbsp;switchClick
<LI><a href="#[4a]">&gt;&gt;</a>&nbsp;&nbsp;&nbsp;rccInitHSE
</UL>
<BR>[Called By]<UL><LI><a href="#[37]">&gt;&gt;</a>&nbsp;&nbsp;&nbsp;__rt_entry_main
</UL>

<P><STRONG><a name="[4a]"></a>rccInitHSE</STRONG> (Thumb, 56 bytes, Stack size 8 bytes, rcc.o(i.rccInitHSE))
<BR><BR>[Stack]<UL><LI>Max Depth = 72<LI>Call Chain = rccInitHSE &rArr; RCC_PLL_Enable
</UL>
<BR>[Calls]<UL><LI><a href="#[4f]">&gt;&gt;</a>&nbsp;&nbsp;&nbsp;FLASH_SetLatency
<LI><a href="#[46]">&gt;&gt;</a>&nbsp;&nbsp;&nbsp;RCC_SystemCoreClockUpdate
<LI><a href="#[44]">&gt;&gt;</a>&nbsp;&nbsp;&nbsp;RCC_SysClk_Switch
<LI><a href="#[42]">&gt;&gt;</a>&nbsp;&nbsp;&nbsp;RCC_PLL_Enable
<LI><a href="#[4d]">&gt;&gt;</a>&nbsp;&nbsp;&nbsp;RCC_HSI_Enable
<LI><a href="#[4e]">&gt;&gt;</a>&nbsp;&nbsp;&nbsp;RCC_HCLKPRS_Config
</UL>
<BR>[Called By]<UL><LI><a href="#[38]">&gt;&gt;</a>&nbsp;&nbsp;&nbsp;main
</UL>

<P><STRONG><a name="[4c]"></a>switchClick</STRONG> (Thumb, 126 bytes, Stack size 0 bytes, switch.o(i.switchClick))
<BR><BR>[Called By]<UL><LI><a href="#[38]">&gt;&gt;</a>&nbsp;&nbsp;&nbsp;main
</UL>

<P><STRONG><a name="[4b]"></a>switchInit</STRONG> (Thumb, 88 bytes, Stack size 24 bytes, switch.o(i.switchInit))
<BR><BR>[Stack]<UL><LI>Max Depth = 24<LI>Call Chain = switchInit
</UL>
<BR>[Calls]<UL><LI><a href="#[50]">&gt;&gt;</a>&nbsp;&nbsp;&nbsp;GPIO_Init
<LI><a href="#[51]">&gt;&gt;</a>&nbsp;&nbsp;&nbsp;GPIO_ConfigFilter
</UL>
<BR>[Called By]<UL><LI><a href="#[38]">&gt;&gt;</a>&nbsp;&nbsp;&nbsp;main
</UL>
<P>
<H3>
Local Symbols
</H3><P>
<H3>
Undefined Global Symbols
</H3>
<P><STRONG><a name="[40]"></a>_call_atexit_fns</STRONG> (ARM, 0 bytes, Stack size 0 bytes, UNDEFINED)
<BR><BR>[Called By]<UL><LI><a href="#[39]">&gt;&gt;</a>&nbsp;&nbsp;&nbsp;exit
</UL>
<HR></body></html>
