<html>
<body>
<pre>
<h1>µVision Build Log</h1>
<h2>Tool Versions:</h2>
IDE-Version: ¦ÌVision V5.36.0.0
Copyright (C) 2021 ARM Ltd and ARM Germany GmbH. All rights reserved.
License Information: Bowen Meng, Chongqing University of Science&Technology, LIC=32B1Q-NCT90-63WMB-2QF4P-9JMCS-936Y2
 
Tool Versions:
Toolchain:       MDK-ARM Plus  Version: 5.36.0.0
Toolchain Path:  C:\Keil_v5\ARM\ARMCC\Bin
C Compiler:      Armcc.exe V5.06 update 7 (build 960)
Assembler:       Armasm.exe V5.06 update 7 (build 960)
Linker/Locator:  ArmLink.exe V5.06 update 7 (build 960)
Library Manager: ArmAr.exe V5.06 update 7 (build 960)
Hex Converter:   FromElf.exe V5.06 update 7 (build 960)
CPU DLL:         SARMCM3.DLL V5.36.0.0
Dialog DLL:      DARMCM1.DLL V1.19.4.0
Target DLL:      UL2CM3.DLL V1.164.0.0
Dialog DLL:      TARMCM1.DLL V1.14.4.0
 
<h2>Project:</h2>
C:\Users\15216\Documents\CW32_Lightmeter\Firmware\CW32_Lightmeter.uvprojx
Project File Date:  10/02/2023

<h2>Output:</h2>
*** Using Compiler 'V5.06 update 7 (build 960)', folder: 'C:\Keil_v5\ARM\ARMCC\Bin'
Rebuild target 'Firmware'
compiling cw32f030_debug.c...
compiling cw32f030_crc.c...
compiling cw32f030_digitalsign.c...
compiling cw32f030_btim.c...
compiling cw32f030_atim.c...
compiling cw32f030_adc.c...
compiling cw32f030_awt.c...
compiling cw32f030_flash.c...
compiling cw32f030_gtim.c...
compiling cw32f030_dma.c...
compiling cw32f030_i2c.c...
compiling cw32f030_iwdt.c...
compiling cw32f030_lvd.c...
compiling cw32f030_gpio.c...
compiling cw32f030_pwr.c...
compiling cw32f030_ram.c...
assembling startup_cw32f030.s...
compiling interrupts_cw32f030.c...
.\Hardware\inc\switch.h(9): warning:  #1-D: last line of file ends without a newline
  #endif
.\UserAPP\inc\main.h(9): warning:  #1-D: last line of file ends without a newline
  #endif
UserAPP\src\interrupts_cw32f030.c: 2 warnings, 0 errors
compiling cw32f030_systick.c...
compiling cw32f030_rcc.c...
compiling cw32f030_rtc.c...
compiling cw32f030_spi.c...
compiling cw32f030_vc.c...
compiling cw32f030_uart.c...
compiling cw32f030_wwdt.c...
compiling system_cw32f030.c...
compiling switch.c...
.\Hardware\inc\switch.h(9): warning:  #1-D: last line of file ends without a newline
  #endif
Hardware\src\switch.c: 1 warning, 0 errors
compiling main.c...
.\Hardware\inc\switch.h(9): warning:  #1-D: last line of file ends without a newline
  #endif
.\UserAPP\inc\main.h(9): warning:  #1-D: last line of file ends without a newline
  #endif
UserAPP\src\main.c(13): warning:  #111-D: statement is unreachable
  	return 0;
UserAPP\src\main.c(14): warning:  #1-D: last line of file ends without a newline
  }
UserAPP\src\main.c: 4 warnings, 0 errors
compiling rcc.c...
Hardware\src\rcc.c(22): warning:  #1-D: last line of file ends without a newline
  #endif
Hardware\src\rcc.c: 1 warning, 0 errors
compiling oled.c...
oled.c(1): warning:  #1-D: last line of file ends without a newline
  #include "oled.h"
oled.c: 1 warning, 0 errors
linking...
Program Size: Code=2164 RO-data=324 RW-data=20 ZI-data=1124  
FromELF: creating hex file...
".\Objects\CW32_Lightmeter.axf" - 0 Error(s), 9 Warning(s).

<h2>Software Packages used:</h2>

Package Vendor: ARM
                http://www.keil.com/pack/ARM.CMSIS.5.8.0.pack
                ARM.CMSIS.5.8.0
                CMSIS (Common Microcontroller Software Interface Standard)
   * Component: CORE Version: 5.5.0

Package Vendor: WHXY
                
                WHXY.CW32F030_DFP.1.0.1
                CW32 ARM Cortex-M0+ Device Family Pack

<h2>Collection of Component include folders:</h2>
  .\RTE\_Firmware
  C:\Users\15216\AppData\Local\Arm\Packs\ARM\CMSIS\5.8.0\CMSIS\Core\Include
  C:\Users\15216\AppData\Local\Arm\Packs\WHXY\CW32F030_DFP\1.0.1\Device\Include

<h2>Collection of Component Files used:</h2>

   * Component: ARM::CMSIS:CORE:5.5.0
Build Time Elapsed:  00:00:04
</pre>
</body>
</html>
